#
# There is insufficient memory for the Java Runtime Environment to continue.
# Native memory allocation (malloc) failed to allocate 734464 bytes. Error detail: Chunk::new
# Possible reasons:
#   The system is out of physical RAM or swap space
#   This process is running with CompressedOops enabled, and the Java Heap may be blocking the growth of the native heap
# Possible solutions:
#   Reduce memory load on the system
#   Increase physical memory or swap space
#   Check if swap backing store is full
#   Decrease Java heap size (-Xmx/-Xms)
#   Decrease number of Java threads
#   Decrease Java thread stack sizes (-Xss)
#   Set larger code cache with -XX:ReservedCodeCacheSize=
#   JVM is running with Unscaled Compressed Oops mode in which the Java heap is
#     placed in the first 4GB address space. The Java Heap base address is the
#     maximum limit for the native heap growth. Please use -XX:HeapBaseMinAddress
#     to set the Java Heap base and to place the Java Heap above 4GB virtual address.
# This output file may be truncated or incomplete.
#
#  Out of Memory Error (arena.cpp:168), pid=2136, tid=2116
#
# JRE version: OpenJDK Runtime Environment Temurin-21.0.10+7 (21.0.10+7) (build 21.0.10+7-LTS)
# Java VM: OpenJDK 64-Bit Server VM Temurin-21.0.10+7 (21.0.10+7-LTS, mixed mode, sharing, tiered, compressed oops, compressed class ptrs, parallel gc, windows-amd64)
# No core dump will be written. Minidumps are not enabled by default on client versions of Windows
#

---------------  S U M M A R Y ------------

Command Line: --add-modules=ALL-SYSTEM --add-opens=java.base/java.util=ALL-UNNAMED --add-opens=java.base/java.lang=ALL-UNNAMED --add-opens=java.base/sun.nio.fs=ALL-UNNAMED -Declipse.application=org.eclipse.jdt.ls.core.id1 -Dosgi.bundles.defaultStartLevel=4 -Declipse.product=org.eclipse.jdt.ls.core.product -Djava.import.generatesMetadataFilesAtProjectRoot=false -DDetectVMInstallationsJob.disabled=true -Dfile.encoding=utf8 -XX:+UseParallelGC -XX:GCTimeRatio=4 -XX:AdaptiveSizePolicyWeight=90 -Dsun.zip.disableMemoryMapping=true -Xmx2G -Xms100m -Xlog:disable -javaagent:c:\Users\laksh\.vscode\extensions\redhat.java-1.54.0-win32-x64\lombok\lombok-1.18.39-4050.jar -XX:+HeapDumpOnOutOfMemoryError -XX:HeapDumpPath=c:\Users\laksh\AppData\Roaming\Code\User\workspaceStorage\09349a7c7149df976c8384d91a7e0fa0\redhat.java -Daether.dependencyCollector.impl=bf c:\Users\laksh\.vscode\extensions\redhat.java-1.54.0-win32-x64\server\plugins\org.eclipse.equinox.launcher_1.7.100.v20251111-0406.jar -configuration c:\Users\laksh\AppData\Roaming\Code\User\globalStorage\redhat.java\1.54.0\config_win -data c:\Users\laksh\AppData\Roaming\Code\User\workspaceStorage\09349a7c7149df976c8384d91a7e0fa0\redhat.java\jdt_ws --pipe=\\.\pipe\lsp-f7c56c9bba50a4bfceaa4439510ae448-sock

Host: 11th Gen Intel(R) Core(TM) i7-1165G7 @ 2.80GHz, 8 cores, 15G,  Windows 11 , 64 bit Build 26100 (10.0.26100.8246)
Time: Sun Apr 26 12:54:10 2026 Sri Lanka Standard Time elapsed time: 2454.370971 seconds (0d 0h 40m 54s)

---------------  T H R E A D  ---------------

Current thread (0x0000022bc24a3170):  JavaThread "C2 CompilerThread0" daemon [_thread_in_native, id=2116, stack(0x000000f85b300000,0x000000f85b400000) (1024K)]


Current CompileTask:
C2:2454371 19557   !   4       org.eclipse.jdt.internal.core.NameLookup::findType (673 bytes)

Stack: [0x000000f85b300000,0x000000f85b400000]
Native frames: (J=compiled Java code, j=interpreted, Vv=VM code, C=native code)
V  [jvm.dll+0x6d7a39]
V  [jvm.dll+0x8b4b26]
V  [jvm.dll+0x8b70de]
V  [jvm.dll+0x8b77c3]
V  [jvm.dll+0x284346]
V  [jvm.dll+0xc66ed]
V  [jvm.dll+0xc6c31]
V  [jvm.dll+0x3bec3b]
V  [jvm.dll+0x1e3f69]
V  [jvm.dll+0x24c6b3]
V  [jvm.dll+0x24bb40]
V  [jvm.dll+0x1cb34e]
V  [jvm.dll+0x25b85d]
V  [jvm.dll+0x259dea]
V  [jvm.dll+0x3f857e]
V  [jvm.dll+0x85f59d]
V  [jvm.dll+0x6d626d]
C  [ucrtbase.dll+0x37b0]
C  [KERNEL32.DLL+0x2e8d7]
C  [ntdll.dll+0x8c3fc]


---------------  P R O C E S S  ---------------

Threads class SMR info:
_java_thread_list=0x0000022c25a5d170, length=54, elements={
0x0000022bc02360c0, 0x0000022bc25cd8c0, 0x0000022bc25ce770, 0x0000022bc2491690,
0x0000022bc2495fa0, 0x0000022bc2497620, 0x0000022bc249d400, 0x0000022bc24a3170,
0x0000022bc24a3820, 0x0000022c1b9cb620, 0x0000022c20115670, 0x0000022c2080c4a0,
0x0000022c20a171c0, 0x0000022c205751f0, 0x0000022c203763c0, 0x0000022c20d2ecc0,
0x0000022c212b31b0, 0x0000022c20ae0e20, 0x0000022c211c5730, 0x0000022c211c50a0,
0x0000022c211c3cf0, 0x0000022c211c4a10, 0x0000022c21dd7610, 0x0000022c21dd9050,
0x0000022c21dd7ca0, 0x0000022c21dd89c0, 0x0000022c21dd5bd0, 0x0000022c21dd6260,
0x0000022c21dd96e0, 0x0000022c21dd9d70, 0x0000022c21dd68f0, 0x0000022c21dd6f80,
0x0000022c21ddd1f0, 0x0000022c22529080, 0x0000022c22529710, 0x0000022c2252aac0,
0x0000022c2252b150, 0x0000022c20dea5d0, 0x0000022c20de9f40, 0x0000022c20dec6a0,
0x0000022c20deac60, 0x0000022c211c2fd0, 0x0000022c225241c0, 0x0000022c21802f20,
0x0000022c21800e50, 0x0000022c218063a0, 0x0000022c218070c0, 0x0000022c22529da0,
0x0000022c22526920, 0x0000022c2252a430, 0x0000022c21802200, 0x0000022c21800130,
0x0000022c244559d0, 0x0000022c24457510
}

Java Threads: ( => current thread )
  0x0000022bc02360c0 JavaThread "main"                              [_thread_blocked, id=5604, stack(0x000000f85a900000,0x000000f85aa00000) (1024K)]
  0x0000022bc25cd8c0 JavaThread "Reference Handler"          daemon [_thread_blocked, id=17396, stack(0x000000f85ad00000,0x000000f85ae00000) (1024K)]
  0x0000022bc25ce770 JavaThread "Finalizer"                  daemon [_thread_blocked, id=16188, stack(0x000000f85ae00000,0x000000f85af00000) (1024K)]
  0x0000022bc2491690 JavaThread "Signal Dispatcher"          daemon [_thread_blocked, id=23128, stack(0x000000f85af00000,0x000000f85b000000) (1024K)]
  0x0000022bc2495fa0 JavaThread "Attach Listener"            daemon [_thread_blocked, id=21212, stack(0x000000f85b000000,0x000000f85b100000) (1024K)]
  0x0000022bc2497620 JavaThread "Service Thread"             daemon [_thread_blocked, id=21356, stack(0x000000f85b100000,0x000000f85b200000) (1024K)]
  0x0000022bc249d400 JavaThread "Monitor Deflation Thread"   daemon [_thread_blocked, id=18160, stack(0x000000f85b200000,0x000000f85b300000) (1024K)]
=>0x0000022bc24a3170 JavaThread "C2 CompilerThread0"         daemon [_thread_in_native, id=2116, stack(0x000000f85b300000,0x000000f85b400000) (1024K)]
  0x0000022bc24a3820 JavaThread "C1 CompilerThread0"         daemon [_thread_blocked, id=14368, stack(0x000000f85b400000,0x000000f85b500000) (1024K)]
  0x0000022c1b9cb620 JavaThread "Common-Cleaner"             daemon [_thread_blocked, id=19280, stack(0x000000f85b600000,0x000000f85b700000) (1024K)]
  0x0000022c20115670 JavaThread "Notification Thread"        daemon [_thread_blocked, id=23272, stack(0x000000f85b700000,0x000000f85b800000) (1024K)]
  0x0000022c2080c4a0 JavaThread "Active Thread: Equinox Container: 028009ba-2939-4d58-8b2f-fe474bae0b4c"        [_thread_blocked, id=19824, stack(0x000000f85bf00000,0x000000f85c000000) (1024K)]
  0x0000022c20a171c0 JavaThread "Refresh Thread: Equinox Container: 028009ba-2939-4d58-8b2f-fe474bae0b4c" daemon [_thread_blocked, id=10536, stack(0x000000f85c100000,0x000000f85c200000) (1024K)]
  0x0000022c205751f0 JavaThread "Framework Event Dispatcher: Equinox Container: 028009ba-2939-4d58-8b2f-fe474bae0b4c" daemon [_thread_blocked, id=13836, stack(0x000000f85c200000,0x000000f85c300000) (1024K)]
  0x0000022c203763c0 JavaThread "Start Level: Equinox Container: 028009ba-2939-4d58-8b2f-fe474bae0b4c" daemon [_thread_blocked, id=10456, stack(0x000000f85c300000,0x000000f85c400000) (1024K)]
  0x0000022c20d2ecc0 JavaThread "Bundle File Closer"         daemon [_thread_blocked, id=5000, stack(0x000000f85c400000,0x000000f85c500000) (1024K)]
  0x0000022c212b31b0 JavaThread "SCR Component Actor"        daemon [_thread_blocked, id=22068, stack(0x000000f85b500000,0x000000f85b600000) (1024K)]
  0x0000022c20ae0e20 JavaThread "Worker-JM"                         [_thread_blocked, id=18600, stack(0x000000f85c600000,0x000000f85c700000) (1024K)]
  0x0000022c211c5730 JavaThread "JNA Cleaner"                daemon [_thread_blocked, id=18304, stack(0x000000f85c500000,0x000000f85c600000) (1024K)]
  0x0000022c211c50a0 JavaThread "Worker-0"                          [_thread_blocked, id=8848, stack(0x000000f85c700000,0x000000f85c800000) (1024K)]
  0x0000022c211c3cf0 JavaThread "Java indexing"              daemon [_thread_blocked, id=19516, stack(0x000000f85c900000,0x000000f85ca00000) (1024K)]
  0x0000022c211c4a10 JavaThread "Thread-1"                   daemon [_thread_in_native, id=9772, stack(0x000000f85cf00000,0x000000f85d000000) (1024K)]
  0x0000022c21dd7610 JavaThread "Thread-2"                   daemon [_thread_in_native, id=21096, stack(0x000000f85d000000,0x000000f85d100000) (1024K)]
  0x0000022c21dd9050 JavaThread "Thread-3"                   daemon [_thread_in_native, id=20304, stack(0x000000f85d100000,0x000000f85d200000) (1024K)]
  0x0000022c21dd7ca0 JavaThread "Thread-4"                   daemon [_thread_in_native, id=17148, stack(0x000000f85d200000,0x000000f85d300000) (1024K)]
  0x0000022c21dd89c0 JavaThread "Thread-5"                   daemon [_thread_in_native, id=16628, stack(0x000000f85d300000,0x000000f85d400000) (1024K)]
  0x0000022c21dd5bd0 JavaThread "Thread-6"                   daemon [_thread_in_native, id=10444, stack(0x000000f85d400000,0x000000f85d500000) (1024K)]
  0x0000022c21dd6260 JavaThread "Thread-7"                   daemon [_thread_in_native, id=8940, stack(0x000000f85d500000,0x000000f85d600000) (1024K)]
  0x0000022c21dd96e0 JavaThread "Thread-8"                   daemon [_thread_in_native, id=10744, stack(0x000000f85d600000,0x000000f85d700000) (1024K)]
  0x0000022c21dd9d70 JavaThread "Thread-9"                   daemon [_thread_in_native, id=21536, stack(0x000000f85d700000,0x000000f85d800000) (1024K)]
  0x0000022c21dd68f0 JavaThread "pool-2-thread-1"                   [_thread_blocked, id=17492, stack(0x000000f85d800000,0x000000f85d900000) (1024K)]
  0x0000022c21dd6f80 JavaThread "WorkspaceEventsHandler"            [_thread_blocked, id=3360, stack(0x000000f85da00000,0x000000f85db00000) (1024K)]
  0x0000022c21ddd1f0 JavaThread "pool-1-thread-1"                   [_thread_blocked, id=13080, stack(0x000000f85db00000,0x000000f85dc00000) (1024K)]
  0x0000022c22529080 JavaThread "ForkJoinPool.commonPool-worker-10" daemon [_thread_blocked, id=2504, stack(0x000000f85ca00000,0x000000f85cb00000) (1024K)]
  0x0000022c22529710 JavaThread "ForkJoinPool.commonPool-worker-11" daemon [_thread_blocked, id=8396, stack(0x000000f85cb00000,0x000000f85cc00000) (1024K)]
  0x0000022c2252aac0 JavaThread "ForkJoinPool.commonPool-worker-14" daemon [_thread_blocked, id=12380, stack(0x000000f85ce00000,0x000000f85cf00000) (1024K)]
  0x0000022c2252b150 JavaThread "Cleaner-0"                  daemon [_thread_blocked, id=21496, stack(0x000000f85d900000,0x000000f85da00000) (1024K)]
  0x0000022c20dea5d0 JavaThread "LocalFile Deleter"          daemon [_thread_blocked, id=7604, stack(0x000000f85b800000,0x000000f85b900000) (1024K)]
  0x0000022c20de9f40 JavaThread "LocalFile Deleter"          daemon [_thread_blocked, id=2088, stack(0x000000f85dc00000,0x000000f85dd00000) (1024K)]
  0x0000022c20dec6a0 JavaThread "LocalFile Deleter"          daemon [_thread_blocked, id=16960, stack(0x000000f85df00000,0x000000f85e000000) (1024K)]
  0x0000022c20deac60 JavaThread "LocalFile Deleter"          daemon [_thread_blocked, id=22676, stack(0x000000f85e000000,0x000000f85e100000) (1024K)]
  0x0000022c211c2fd0 JavaThread "Compiler Source File Reader" daemon [_thread_blocked, id=16956, stack(0x000000f85e200000,0x000000f85e300000) (1024K)]
  0x0000022c225241c0 JavaThread "Compiler Source File Reader" daemon [_thread_blocked, id=9540, stack(0x000000f85e300000,0x000000f85e400000) (1024K)]
  0x0000022c21802f20 JavaThread "Compiler Source File Reader" daemon [_thread_blocked, id=13700, stack(0x000000f85e600000,0x000000f85e700000) (1024K)]
  0x0000022c21800e50 JavaThread "Worker-6"                          [_thread_blocked, id=20224, stack(0x000000f85a600000,0x000000f85a700000) (1024K)]
  0x0000022c218063a0 JavaThread "ForkJoinPool.commonPool-worker-15" daemon [_thread_blocked, id=15176, stack(0x000000f85a700000,0x000000f85a800000) (1024K)]
  0x0000022c218070c0 JavaThread "ForkJoinPool.commonPool-worker-16" daemon [_thread_blocked, id=18740, stack(0x000000f85cc00000,0x000000f85cd00000) (1024K)]
  0x0000022c22529da0 JavaThread "ForkJoinPool.commonPool-worker-17" daemon [_thread_blocked, id=12048, stack(0x000000f85cd00000,0x000000f85ce00000) (1024K)]
  0x0000022c22526920 JavaThread "ForkJoinPool.commonPool-worker-18" daemon [_thread_blocked, id=6908, stack(0x000000f85dd00000,0x000000f85de00000) (1024K)]
  0x0000022c2252a430 JavaThread "Compiler Source File Reader" daemon [_thread_blocked, id=20544, stack(0x000000f85c800000,0x000000f85c900000) (1024K)]
  0x0000022c21802200 JavaThread "Compiler Processing Task"   daemon [_thread_blocked, id=22796, stack(0x000000f85de00000,0x000000f85df00000) (1024K)]
  0x0000022c21800130 JavaThread "Worker-8"                          [_thread_blocked, id=16684, stack(0x000000f85e100000,0x000000f85e200000) (1024K)]
  0x0000022c244559d0 JavaThread "C2 CompilerThread1"         daemon [_thread_in_native, id=16304, stack(0x000000f85a800000,0x000000f85a900000) (1024K)]
  0x0000022c24457510 JavaThread "C2 CompilerThread2"         daemon [_thread_blocked, id=17200, stack(0x000000f85e400000,0x000000f85e500000) (1024K)]
Total: 54

Other Threads:
  0x0000022bc25b5fa0 VMThread "VM Thread"                           [id=13336, stack(0x000000f85ac00000,0x000000f85ad00000) (1024K)]
  0x0000022bc2584560 WatcherThread "VM Periodic Task Thread"        [id=6640, stack(0x000000f85ab00000,0x000000f85ac00000) (1024K)]
  0x0000022bc25376b0 WorkerThread "GC Thread#0"                     [id=4480, stack(0x000000f85aa00000,0x000000f85ab00000) (1024K)]
  0x0000022c2024c0d0 WorkerThread "GC Thread#1"                     [id=16008, stack(0x000000f85b900000,0x000000f85ba00000) (1024K)]
  0x0000022c2024c480 WorkerThread "GC Thread#2"                     [id=2236, stack(0x000000f85ba00000,0x000000f85bb00000) (1024K)]
  0x0000022c20062c50 WorkerThread "GC Thread#3"                     [id=5576, stack(0x000000f85bb00000,0x000000f85bc00000) (1024K)]
  0x0000022c20063000 WorkerThread "GC Thread#4"                     [id=17448, stack(0x000000f85bc00000,0x000000f85bd00000) (1024K)]
  0x0000022c200633b0 WorkerThread "GC Thread#5"                     [id=13572, stack(0x000000f85bd00000,0x000000f85be00000) (1024K)]
  0x0000022c20063760 WorkerThread "GC Thread#6"                     [id=12432, stack(0x000000f85be00000,0x000000f85bf00000) (1024K)]
  0x0000022c203cc0c0 WorkerThread "GC Thread#7"                     [id=15148, stack(0x000000f85c000000,0x000000f85c100000) (1024K)]
Total: 10

Threads with active compile tasks:
C2 CompilerThread0  2454400 19557   !   4       org.eclipse.jdt.internal.core.NameLookup::findType (673 bytes)
C1 CompilerThread0  2454400 19580       3       org.eclipse.jdt.internal.compiler.parser.Scanner::internalScanIdentifierOrKeyword (5041 bytes)
C2 CompilerThread1  2454400 19592       4       org.eclipse.jdt.core.Signature::encodeTypeSignature (913 bytes)
C2 CompilerThread2  2454400 19597       4       java.util.regex.Pattern::expr (142 bytes)
Total: 4

VM state: at safepoint (normal execution)

VM Mutex/Monitor currently owned by a thread:  ([mutex/lock_event])
[0x00007ff847e2e560] Threads_lock - owner thread: 0x0000022bc25b5fa0
[0x00007ff847e2e660] Heap_lock - owner thread: 0x0000022c22526920

Heap address: 0x0000000080000000, size: 2048 MB, Compressed Oops mode: 32-bit

CDS archive(s) mapped at: [0x0000022bd9000000-0x0000022bd9ba0000-0x0000022bd9ba0000), size 12189696, SharedBaseAddress: 0x0000022bd9000000, ArchiveRelocationMode: 1.
Compressed class space mapped at: 0x0000022bda000000-0x0000022c1a000000, reserved size: 1073741824
Narrow klass base: 0x0000022bd9000000, Narrow klass shift: 0, Narrow klass range: 0x100000000

GC Precious Log:
 CardTable entry size: 512
 CPUs: 8 total, 8 available
 Memory: 16078M
 Large Page Support: Disabled
 NUMA Support: Disabled
 Compressed Oops: Enabled (32-bit)
 Alignments: Space 512K, Generation 512K, Heap 2M
 Heap Min Capacity: 100M
 Heap Initial Capacity: 100M
 Heap Max Capacity: 2G
 Pre-touch: Disabled
 Parallel Workers: 8

Heap:
 PSYoungGen      total 9216K, used 8512K [0x00000000d5580000, 0x00000000d6000000, 0x0000000100000000)
  eden space 8704K, 92% used [0x00000000d5580000,0x00000000d5d528d8,0x00000000d5e00000)
  from space 512K, 98% used [0x00000000d5f00000,0x00000000d5f7dab8,0x00000000d5f80000)
  to   space 512K, 100% used [0x00000000d5f80000,0x00000000d6000000,0x00000000d6000000)
 ParOldGen       total 367104K, used 366709K [0x0000000080000000, 0x0000000096680000, 0x00000000d5580000)
  object space 367104K, 99% used [0x0000000080000000,0x000000009661d718,0x0000000096680000)
 Metaspace       used 87935K, committed 89664K, reserved 1179648K
  class space    used 9104K, committed 9856K, reserved 1048576K

Card table byte_map: [0x0000022bc1eb0000,0x0000022bc22c0000] _byte_map_base: 0x0000022bc1ab0000

Marking Bits: (ParMarkBitMap*) 0x00007ff847e33450
 Begin Bits: [0x0000022bd49c0000, 0x0000022bd69c0000)
 End Bits:   [0x0000022bd69c0000, 0x0000022bd89c0000)

Polling page: 0x0000022bc0380000

Metaspace:

Usage:
  Non-class:     76.98 MB used.
      Class:      8.89 MB used.
       Both:     85.87 MB used.

Virtual space:
  Non-class space:      128.00 MB reserved,      77.94 MB ( 61%) committed,  2 nodes.
      Class space:        1.00 GB reserved,       9.62 MB ( <1%) committed,  1 nodes.
             Both:        1.12 GB reserved,      87.56 MB (  8%) committed. 

Chunk freelists:
   Non-Class:  1.64 MB
       Class:  6.29 MB
        Both:  7.93 MB

MaxMetaspaceSize: unlimited
CompressedClassSpaceSize: 1.00 GB
Initial GC threshold: 21.00 MB
Current GC threshold: 134.94 MB
CDS: on
 - commit_granule_bytes: 65536.
 - commit_granule_words: 8192.
 - virtual_space_node_default_size: 8388608.
 - enlarge_chunks_in_place: 1.
 - use_allocation_guard: 0.


Internal statistics:

num_allocs_failed_limit: 9.
num_arena_births: 1724.
num_arena_deaths: 284.
num_vsnodes_births: 3.
num_vsnodes_deaths: 0.
num_space_committed: 1401.
num_space_uncommitted: 0.
num_chunks_returned_to_freelist: 355.
num_chunks_taken_from_freelist: 6111.
num_chunk_merges: 105.
num_chunk_splits: 3591.
num_chunks_enlarged: 1977.
num_inconsistent_stats: 0.

CodeHeap 'non-profiled nmethods': size=120000Kb used=17518Kb max_used=17518Kb free=102481Kb
 bounds [0x0000022bcd1e0000, 0x0000022bce300000, 0x0000022bd4710000]
CodeHeap 'profiled nmethods': size=120000Kb used=42951Kb max_used=42951Kb free=77048Kb
 bounds [0x0000022bc5710000, 0x0000022bc8110000, 0x0000022bccc40000]
CodeHeap 'non-nmethods': size=5760Kb used=1531Kb max_used=1619Kb free=4228Kb
 bounds [0x0000022bccc40000, 0x0000022bcceb0000, 0x0000022bcd1e0000]
CodeCache: size=245760Kb, used=62000Kb, max_used=62088Kb, free=183757Kb
 total_blobs=17780, nmethods=16938, adapters=744, full_count=0
Compilation: enabled, stopped_count=0, restarted_count=0

Compilation events (20 events):
Event: 2454.352 Thread 0x0000022bc24a3820 nmethod 19576 0x0000022bc80de890 code [0x0000022bc80df700, 0x0000022bc80e87d0]
Event: 2454.352 Thread 0x0000022bc24a3820 19582   !   3       org.eclipse.jdt.internal.compiler.parser.Scanner::jumpOverMethodBody (2550 bytes)
Event: 2454.353 Thread 0x0000022c244559d0 19586       4       org.eclipse.jdt.internal.compiler.ast.ASTNode::<init> (11 bytes)
Event: 2454.354 Thread 0x0000022c244559d0 nmethod 19586 0x0000022bce2fab10 code [0x0000022bce2faca0, 0x0000022bce2fad30]
Event: 2454.356 Thread 0x0000022bc24a3820 nmethod 19582 0x0000022bc80ea610 code [0x0000022bc80eafa0, 0x0000022bc80f1948]
Event: 2454.356 Thread 0x0000022bc24a3820 19583   !   2       org.eclipse.jdt.internal.compiler.parser.Scanner::getNextToken0 (3068 bytes)
Event: 2454.358 Thread 0x0000022c24457510 19591       4       org.eclipse.jdt.core.SourceRange::<init> (15 bytes)
Event: 2454.358 Thread 0x0000022c244559d0 19592       4       org.eclipse.jdt.core.Signature::encodeTypeSignature (913 bytes)
Event: 2454.359 Thread 0x0000022c24457510 nmethod 19591 0x0000022bce2fae10 code [0x0000022bce2fafa0, 0x0000022bce2fb030]
Event: 2454.360 Thread 0x0000022c24457510 19593       4       org.eclipse.jdt.core.compiler.CharOperation::concatWith (127 bytes)
Event: 2454.361 Thread 0x0000022bc24a3820 nmethod 19583 0x0000022bc80f5110 code [0x0000022bc80f5b60, 0x0000022bc80f9d98]
Event: 2454.361 Thread 0x0000022bc24a3820 19589       3       lombok.eclipse.EclipseAST::buildTypeUse (294 bytes)
Event: 2454.363 Thread 0x0000022bc24a3820 nmethod 19589 0x0000022bc80fcb90 code [0x0000022bc80fcfc0, 0x0000022bc80ff950]
Event: 2454.363 Thread 0x0000022bc24a3820 19585       3       org.eclipse.jdt.internal.compiler.parser.Parser::fetchNextToken (8 bytes)
Event: 2454.363 Thread 0x0000022bc24a3820 nmethod 19585 0x0000022bc8100710 code [0x0000022bc81008c0, 0x0000022bc8100aa0]
Event: 2454.363 Thread 0x0000022bc24a3820 19587       3       org.eclipse.jdt.internal.compiler.parser.Scanner::getNextToken (176 bytes)
Event: 2454.364 Thread 0x0000022bc24a3820 nmethod 19587 0x0000022bc8100b90 code [0x0000022bc8100e20, 0x0000022bc8101be0]
Event: 2454.364 Thread 0x0000022bc24a3820 19580       3       org.eclipse.jdt.internal.compiler.parser.Scanner::internalScanIdentifierOrKeyword (5041 bytes)
Event: 2454.364 Thread 0x0000022c24457510 nmethod 19593 0x0000022bce2fb110 code [0x0000022bce2fb2c0, 0x0000022bce2fb718]
Event: 2454.364 Thread 0x0000022c24457510 19597       4       java.util.regex.Pattern::expr (142 bytes)

GC Heap History (20 events):
Event: 2447.441 GC heap after
{Heap after GC invocations=568 (full 4):
 PSYoungGen      total 10240K, used 4144K [0x00000000d5580000, 0x00000000d6780000, 0x0000000100000000)
  eden space 5632K, 0% used [0x00000000d5580000,0x00000000d5580000,0x00000000d5b00000)
  from space 4608K, 89% used [0x00000000d6300000,0x00000000d670c050,0x00000000d6780000)
  to   space 5632K, 0% used [0x00000000d5c80000,0x00000000d5c80000,0x00000000d6200000)
 ParOldGen       total 321536K, used 321157K [0x0000000080000000, 0x0000000093a00000, 0x00000000d5580000)
  object space 321536K, 99% used [0x0000000080000000,0x00000000939a1658,0x0000000093a00000)
 Metaspace       used 87826K, committed 89600K, reserved 1179648K
  class space    used 9100K, committed 9856K, reserved 1048576K
}
Event: 2447.449 GC heap before
{Heap before GC invocations=569 (full 4):
 PSYoungGen      total 10240K, used 9715K [0x00000000d5580000, 0x00000000d6780000, 0x0000000100000000)
  eden space 5632K, 98% used [0x00000000d5580000,0x00000000d5af0dd0,0x00000000d5b00000)
  from space 4608K, 89% used [0x00000000d6300000,0x00000000d670c050,0x00000000d6780000)
  to   space 5632K, 0% used [0x00000000d5c80000,0x00000000d5c80000,0x00000000d6200000)
 ParOldGen       total 321536K, used 321157K [0x0000000080000000, 0x0000000093a00000, 0x00000000d5580000)
  object space 321536K, 99% used [0x0000000080000000,0x00000000939a1658,0x0000000093a00000)
 Metaspace       used 87826K, committed 89600K, reserved 1179648K
  class space    used 9100K, committed 9856K, reserved 1048576K
}
Event: 2447.452 GC heap after
{Heap after GC invocations=569 (full 4):
 PSYoungGen      total 12800K, used 5033K [0x00000000d5580000, 0x00000000d6780000, 0x0000000100000000)
  eden space 7168K, 0% used [0x00000000d5580000,0x00000000d5580000,0x00000000d5c80000)
  from space 5632K, 89% used [0x00000000d5c80000,0x00000000d616a788,0x00000000d6200000)
  to   space 5632K, 0% used [0x00000000d6200000,0x00000000d6200000,0x00000000d6780000)
 ParOldGen       total 325632K, used 325165K [0x0000000080000000, 0x0000000093e00000, 0x00000000d5580000)
  object space 325632K, 99% used [0x0000000080000000,0x0000000093d8b6b8,0x0000000093e00000)
 Metaspace       used 87826K, committed 89600K, reserved 1179648K
  class space    used 9100K, committed 9856K, reserved 1048576K
}
Event: 2447.528 GC heap before
{Heap before GC invocations=570 (full 4):
 PSYoungGen      total 12800K, used 12201K [0x00000000d5580000, 0x00000000d6780000, 0x0000000100000000)
  eden space 7168K, 100% used [0x00000000d5580000,0x00000000d5c80000,0x00000000d5c80000)
  from space 5632K, 89% used [0x00000000d5c80000,0x00000000d616a788,0x00000000d6200000)
  to   space 5632K, 0% used [0x00000000d6200000,0x00000000d6200000,0x00000000d6780000)
 ParOldGen       total 357376K, used 355885K [0x0000000080000000, 0x0000000095d00000, 0x00000000d5580000)
  object space 357376K, 99% used [0x0000000080000000,0x0000000095b8b6e8,0x0000000095d00000)
 Metaspace       used 87846K, committed 89600K, reserved 1179648K
  class space    used 9100K, committed 9856K, reserved 1048576K
}
Event: 2447.531 GC heap after
{Heap after GC invocations=570 (full 4):
 PSYoungGen      total 11776K, used 2144K [0x00000000d5580000, 0x00000000d6500000, 0x0000000100000000)
  eden space 8704K, 0% used [0x00000000d5580000,0x00000000d5580000,0x00000000d5e00000)
  from space 3072K, 69% used [0x00000000d6200000,0x00000000d6418020,0x00000000d6500000)
  to   space 3584K, 0% used [0x00000000d5e00000,0x00000000d5e00000,0x00000000d6180000)
 ParOldGen       total 357376K, used 356882K [0x0000000080000000, 0x0000000095d00000, 0x00000000d5580000)
  object space 357376K, 99% used [0x0000000080000000,0x0000000095c84840,0x0000000095d00000)
 Metaspace       used 87846K, committed 89600K, reserved 1179648K
  class space    used 9100K, committed 9856K, reserved 1048576K
}
Event: 2448.041 GC heap before
{Heap before GC invocations=571 (full 4):
 PSYoungGen      total 11776K, used 10848K [0x00000000d5580000, 0x00000000d6500000, 0x0000000100000000)
  eden space 8704K, 100% used [0x00000000d5580000,0x00000000d5e00000,0x00000000d5e00000)
  from space 3072K, 69% used [0x00000000d6200000,0x00000000d6418020,0x00000000d6500000)
  to   space 3584K, 0% used [0x00000000d5e00000,0x00000000d5e00000,0x00000000d6180000)
 ParOldGen       total 357376K, used 356882K [0x0000000080000000, 0x0000000095d00000, 0x00000000d5580000)
  object space 357376K, 99% used [0x0000000080000000,0x0000000095c84840,0x0000000095d00000)
 Metaspace       used 87864K, committed 89600K, reserved 1179648K
  class space    used 9100K, committed 9856K, reserved 1048576K
}
Event: 2448.043 GC heap after
{Heap after GC invocations=571 (full 4):
 PSYoungGen      total 9216K, used 288K [0x00000000d5580000, 0x00000000d6280000, 0x0000000100000000)
  eden space 8704K, 0% used [0x00000000d5580000,0x00000000d5580000,0x00000000d5e00000)
  from space 512K, 56% used [0x00000000d5e00000,0x00000000d5e48020,0x00000000d5e80000)
  to   space 1536K, 0% used [0x00000000d6100000,0x00000000d6100000,0x00000000d6280000)
 ParOldGen       total 358912K, used 358902K [0x0000000080000000, 0x0000000095e80000, 0x00000000d5580000)
  object space 358912K, 99% used [0x0000000080000000,0x0000000095e7d9b8,0x0000000095e80000)
 Metaspace       used 87864K, committed 89600K, reserved 1179648K
  class space    used 9100K, committed 9856K, reserved 1048576K
}
Event: 2453.648 GC heap before
{Heap before GC invocations=572 (full 4):
 PSYoungGen      total 9216K, used 8989K [0x00000000d5580000, 0x00000000d6280000, 0x0000000100000000)
  eden space 8704K, 99% used [0x00000000d5580000,0x00000000d5dff4f0,0x00000000d5e00000)
  from space 512K, 56% used [0x00000000d5e00000,0x00000000d5e48020,0x00000000d5e80000)
  to   space 1536K, 0% used [0x00000000d6100000,0x00000000d6100000,0x00000000d6280000)
 ParOldGen       total 358912K, used 358902K [0x0000000080000000, 0x0000000095e80000, 0x00000000d5580000)
  object space 358912K, 99% used [0x0000000080000000,0x0000000095e7d9b8,0x0000000095e80000)
 Metaspace       used 87886K, committed 89664K, reserved 1179648K
  class space    used 9103K, committed 9856K, reserved 1048576K
}
Event: 2453.649 GC heap after
{Heap after GC invocations=572 (full 4):
 PSYoungGen      total 9216K, used 256K [0x00000000d5580000, 0x00000000d6180000, 0x0000000100000000)
  eden space 8704K, 0% used [0x00000000d5580000,0x00000000d5580000,0x00000000d5e00000)
  from space 512K, 50% used [0x00000000d6100000,0x00000000d6140000,0x00000000d6180000)
  to   space 512K, 0% used [0x00000000d5e00000,0x00000000d5e00000,0x00000000d5e80000)
 ParOldGen       total 359424K, used 359030K [0x0000000080000000, 0x0000000095f00000, 0x00000000d5580000)
  object space 359424K, 99% used [0x0000000080000000,0x0000000095e9d9d8,0x0000000095f00000)
 Metaspace       used 87886K, committed 89664K, reserved 1179648K
  class space    used 9103K, committed 9856K, reserved 1048576K
}
Event: 2453.673 GC heap before
{Heap before GC invocations=573 (full 4):
 PSYoungGen      total 9216K, used 8960K [0x00000000d5580000, 0x00000000d6180000, 0x0000000100000000)
  eden space 8704K, 100% used [0x00000000d5580000,0x00000000d5e00000,0x00000000d5e00000)
  from space 512K, 50% used [0x00000000d6100000,0x00000000d6140000,0x00000000d6180000)
  to   space 512K, 0% used [0x00000000d5e00000,0x00000000d5e00000,0x00000000d5e80000)
 ParOldGen       total 359424K, used 359030K [0x0000000080000000, 0x0000000095f00000, 0x00000000d5580000)
  object space 359424K, 99% used [0x0000000080000000,0x0000000095e9d9d8,0x0000000095f00000)
 Metaspace       used 87889K, committed 89664K, reserved 1179648K
  class space    used 9103K, committed 9856K, reserved 1048576K
}
Event: 2453.675 GC heap after
{Heap after GC invocations=573 (full 4):
 PSYoungGen      total 9216K, used 512K [0x00000000d5580000, 0x00000000d6180000, 0x0000000100000000)
  eden space 8704K, 0% used [0x00000000d5580000,0x00000000d5580000,0x00000000d5e00000)
  from space 512K, 100% used [0x00000000d5e00000,0x00000000d5e80000,0x00000000d5e80000)
  to   space 1536K, 0% used [0x00000000d6000000,0x00000000d6000000,0x00000000d6180000)
 ParOldGen       total 359936K, used 359625K [0x0000000080000000, 0x0000000095f80000, 0x00000000d5580000)
  object space 359936K, 99% used [0x0000000080000000,0x0000000095f326b8,0x0000000095f80000)
 Metaspace       used 87889K, committed 89664K, reserved 1179648K
  class space    used 9103K, committed 9856K, reserved 1048576K
}
Event: 2453.732 GC heap before
{Heap before GC invocations=574 (full 4):
 PSYoungGen      total 9216K, used 9216K [0x00000000d5580000, 0x00000000d6180000, 0x0000000100000000)
  eden space 8704K, 100% used [0x00000000d5580000,0x00000000d5e00000,0x00000000d5e00000)
  from space 512K, 100% used [0x00000000d5e00000,0x00000000d5e80000,0x00000000d5e80000)
  to   space 1536K, 0% used [0x00000000d6000000,0x00000000d6000000,0x00000000d6180000)
 ParOldGen       total 359936K, used 359625K [0x0000000080000000, 0x0000000095f80000, 0x00000000d5580000)
  object space 359936K, 99% used [0x0000000080000000,0x0000000095f326b8,0x0000000095f80000)
 Metaspace       used 87900K, committed 89664K, reserved 1179648K
  class space    used 9103K, committed 9856K, reserved 1048576K
}
Event: 2453.734 GC heap after
{Heap after GC invocations=574 (full 4):
 PSYoungGen      total 9216K, used 288K [0x00000000d5580000, 0x00000000d6080000, 0x0000000100000000)
  eden space 8704K, 0% used [0x00000000d5580000,0x00000000d5580000,0x00000000d5e00000)
  from space 512K, 56% used [0x00000000d6000000,0x00000000d6048000,0x00000000d6080000)
  to   space 1024K, 0% used [0x00000000d5e80000,0x00000000d5e80000,0x00000000d5f80000)
 ParOldGen       total 360448K, used 360126K [0x0000000080000000, 0x0000000096000000, 0x00000000d5580000)
  object space 360448K, 99% used [0x0000000080000000,0x0000000095fafbb8,0x0000000096000000)
 Metaspace       used 87900K, committed 89664K, reserved 1179648K
  class space    used 9103K, committed 9856K, reserved 1048576K
}
Event: 2454.106 GC heap before
{Heap before GC invocations=575 (full 4):
 PSYoungGen      total 9216K, used 8992K [0x00000000d5580000, 0x00000000d6080000, 0x0000000100000000)
  eden space 8704K, 100% used [0x00000000d5580000,0x00000000d5e00000,0x00000000d5e00000)
  from space 512K, 56% used [0x00000000d6000000,0x00000000d6048000,0x00000000d6080000)
  to   space 1024K, 0% used [0x00000000d5e80000,0x00000000d5e80000,0x00000000d5f80000)
 ParOldGen       total 360448K, used 360126K [0x0000000080000000, 0x0000000096000000, 0x00000000d5580000)
  object space 360448K, 99% used [0x0000000080000000,0x0000000095fafbb8,0x0000000096000000)
 Metaspace       used 87909K, committed 89664K, reserved 1179648K
  class space    used 9103K, committed 9856K, reserved 1048576K
}
Event: 2454.107 GC heap after
{Heap after GC invocations=575 (full 4):
 PSYoungGen      total 9728K, used 660K [0x00000000d5580000, 0x00000000d6080000, 0x0000000100000000)
  eden space 8704K, 0% used [0x00000000d5580000,0x00000000d5580000,0x00000000d5e00000)
  from space 1024K, 64% used [0x00000000d5e80000,0x00000000d5f25200,0x00000000d5f80000)
  to   space 1024K, 0% used [0x00000000d5f80000,0x00000000d5f80000,0x00000000d6080000)
 ParOldGen       total 360448K, used 360231K [0x0000000080000000, 0x0000000096000000, 0x00000000d5580000)
  object space 360448K, 99% used [0x0000000080000000,0x0000000095fc9e68,0x0000000096000000)
 Metaspace       used 87909K, committed 89664K, reserved 1179648K
  class space    used 9103K, committed 9856K, reserved 1048576K
}
Event: 2454.304 GC heap before
{Heap before GC invocations=576 (full 4):
 PSYoungGen      total 9728K, used 9364K [0x00000000d5580000, 0x00000000d6080000, 0x0000000100000000)
  eden space 8704K, 100% used [0x00000000d5580000,0x00000000d5e00000,0x00000000d5e00000)
  from space 1024K, 64% used [0x00000000d5e80000,0x00000000d5f25200,0x00000000d5f80000)
  to   space 1024K, 0% used [0x00000000d5f80000,0x00000000d5f80000,0x00000000d6080000)
 ParOldGen       total 360448K, used 360231K [0x0000000080000000, 0x0000000096000000, 0x00000000d5580000)
  object space 360448K, 99% used [0x0000000080000000,0x0000000095fc9e68,0x0000000096000000)
 Metaspace       used 87912K, committed 89664K, reserved 1179648K
  class space    used 9103K, committed 9856K, reserved 1048576K
}
Event: 2454.305 GC heap after
{Heap after GC invocations=576 (full 4):
 PSYoungGen      total 9216K, used 308K [0x00000000d5580000, 0x00000000d6000000, 0x0000000100000000)
  eden space 8704K, 0% used [0x00000000d5580000,0x00000000d5580000,0x00000000d5e00000)
  from space 512K, 60% used [0x00000000d5f80000,0x00000000d5fcd200,0x00000000d6000000)
  to   space 512K, 0% used [0x00000000d5f00000,0x00000000d5f00000,0x00000000d5f80000)
 ParOldGen       total 360448K, used 360292K [0x0000000080000000, 0x0000000096000000, 0x00000000d5580000)
  object space 360448K, 99% used [0x0000000080000000,0x0000000095fd93b8,0x0000000096000000)
 Metaspace       used 87912K, committed 89664K, reserved 1179648K
  class space    used 9103K, committed 9856K, reserved 1048576K
}
Event: 2454.325 GC heap before
{Heap before GC invocations=577 (full 4):
 PSYoungGen      total 9216K, used 9012K [0x00000000d5580000, 0x00000000d6000000, 0x0000000100000000)
  eden space 8704K, 100% used [0x00000000d5580000,0x00000000d5e00000,0x00000000d5e00000)
  from space 512K, 60% used [0x00000000d5f80000,0x00000000d5fcd200,0x00000000d6000000)
  to   space 512K, 0% used [0x00000000d5f00000,0x00000000d5f00000,0x00000000d5f80000)
 ParOldGen       total 360448K, used 360292K [0x0000000080000000, 0x0000000096000000, 0x00000000d5580000)
  object space 360448K, 99% used [0x0000000080000000,0x0000000095fd93b8,0x0000000096000000)
 Metaspace       used 87915K, committed 89664K, reserved 1179648K
  class space    used 9103K, committed 9856K, reserved 1048576K
}
Event: 2454.328 GC heap after
{Heap after GC invocations=577 (full 4):
 PSYoungGen      total 9216K, used 502K [0x00000000d5580000, 0x00000000d6000000, 0x0000000100000000)
  eden space 8704K, 0% used [0x00000000d5580000,0x00000000d5580000,0x00000000d5e00000)
  from space 512K, 98% used [0x00000000d5f00000,0x00000000d5f7dab8,0x00000000d5f80000)
  to   space 512K, 0% used [0x00000000d5f80000,0x00000000d5f80000,0x00000000d6000000)
 ParOldGen       total 366080K, used 365932K [0x0000000080000000, 0x0000000096580000, 0x00000000d5580000)
  object space 366080K, 99% used [0x0000000080000000,0x000000009655b110,0x0000000096580000)
 Metaspace       used 87915K, committed 89664K, reserved 1179648K
  class space    used 9103K, committed 9856K, reserved 1048576K
}
Event: 2454.368 GC heap before
{Heap before GC invocations=578 (full 4):
 PSYoungGen      total 9216K, used 8512K [0x00000000d5580000, 0x00000000d6000000, 0x0000000100000000)
  eden space 8704K, 92% used [0x00000000d5580000,0x00000000d5d528d8,0x00000000d5e00000)
  from space 512K, 98% used [0x00000000d5f00000,0x00000000d5f7dab8,0x00000000d5f80000)
  to   space 512K, 0% used [0x00000000d5f80000,0x00000000d5f80000,0x00000000d6000000)
 ParOldGen       total 366080K, used 365932K [0x0000000080000000, 0x0000000096580000, 0x00000000d5580000)
  object space 366080K, 99% used [0x0000000080000000,0x000000009655b110,0x0000000096580000)
 Metaspace       used 87935K, committed 89664K, reserved 1179648K
  class space    used 9104K, committed 9856K, reserved 1048576K
}

Dll operation events (12 events):
Event: 0.014 Loaded shared library c:\Users\laksh\.vscode\extensions\redhat.java-1.54.0-win32-x64\jre\21.0.10-win32-x86_64\bin\java.dll
Event: 0.116 Loaded shared library c:\Users\laksh\.vscode\extensions\redhat.java-1.54.0-win32-x64\jre\21.0.10-win32-x86_64\bin\zip.dll
Event: 0.141 Loaded shared library C:\Users\laksh\.vscode\extensions\redhat.java-1.54.0-win32-x64\jre\21.0.10-win32-x86_64\bin\instrument.dll
Event: 0.149 Loaded shared library C:\Users\laksh\.vscode\extensions\redhat.java-1.54.0-win32-x64\jre\21.0.10-win32-x86_64\bin\net.dll
Event: 0.152 Loaded shared library C:\Users\laksh\.vscode\extensions\redhat.java-1.54.0-win32-x64\jre\21.0.10-win32-x86_64\bin\nio.dll
Event: 0.155 Loaded shared library C:\Users\laksh\.vscode\extensions\redhat.java-1.54.0-win32-x64\jre\21.0.10-win32-x86_64\bin\zip.dll
Event: 0.185 Loaded shared library C:\Users\laksh\.vscode\extensions\redhat.java-1.54.0-win32-x64\jre\21.0.10-win32-x86_64\bin\jimage.dll
Event: 0.309 Loaded shared library c:\Users\laksh\.vscode\extensions\redhat.java-1.54.0-win32-x64\jre\21.0.10-win32-x86_64\bin\verify.dll
Event: 1.652 Loaded shared library C:\Users\laksh\AppData\Roaming\Code\User\globalStorage\redhat.java\1.54.0\config_win\org.eclipse.equinox.launcher\org.eclipse.equinox.launcher.win32.win32.x86_64_1.3.0.v20260203-2149\eclipse_11919.dll
Event: 4.994 Loaded shared library C:\Users\laksh\AppData\Local\Temp\jna-102736491\jna11633755178739215445.dll
Event: 6.858 Loaded shared library C:\Users\laksh\.vscode\extensions\redhat.java-1.54.0-win32-x64\jre\21.0.10-win32-x86_64\bin\sunmscapi.dll
Event: 7.116 Loaded shared library C:\Users\laksh\.vscode\extensions\redhat.java-1.54.0-win32-x64\jre\21.0.10-win32-x86_64\bin\extnet.dll

Deoptimization events (20 events):
Event: 2454.354 Thread 0x0000022c22526920 DEOPT PACKING pc=0x0000022bce13298c sp=0x000000f85ddfe730
Event: 2454.354 Thread 0x0000022c22526920 DEOPT UNPACKING pc=0x0000022bccc96da2 sp=0x000000f85ddfe6c0 mode 2
Event: 2454.354 Thread 0x0000022c22526920 Uncommon trap: trap_request=0xffffffde fr.pc=0x0000022bce132728 relative=0x00000000000014c8
Event: 2454.354 Thread 0x0000022c22526920 Uncommon trap: reason=class_check action=maybe_recompile pc=0x0000022bce132728 method=org.eclipse.jdt.internal.compiler.parser.Parser.consumeRule(I)V @ 4382 c2
Event: 2454.354 Thread 0x0000022c22526920 DEOPT PACKING pc=0x0000022bce132728 sp=0x000000f85ddfe730
Event: 2454.354 Thread 0x0000022c22526920 DEOPT UNPACKING pc=0x0000022bccc96da2 sp=0x000000f85ddfe6b8 mode 2
Event: 2454.354 Thread 0x0000022c22526920 Uncommon trap: trap_request=0xffffff45 fr.pc=0x0000022bcd783b4c relative=0x00000000000003ec
Event: 2454.354 Thread 0x0000022c22526920 Uncommon trap: reason=unstable_if action=reinterpret pc=0x0000022bcd783b4c method=org.eclipse.jdt.internal.compiler.parser.Scanner.getNextToken()Lorg/eclipse/jdt/internal/compiler/parser/TerminalToken; @ 144 c2
Event: 2454.354 Thread 0x0000022c22526920 DEOPT PACKING pc=0x0000022bcd783b4c sp=0x000000f85ddfe6b0
Event: 2454.354 Thread 0x0000022c22526920 DEOPT UNPACKING pc=0x0000022bccc96da2 sp=0x000000f85ddfe650 mode 2
Event: 2454.356 Thread 0x0000022c22526920 Uncommon trap: trap_request=0xffffff45 fr.pc=0x0000022bcdd09c30 relative=0x00000000000017d0
Event: 2454.356 Thread 0x0000022c22526920 Uncommon trap: reason=unstable_if action=reinterpret pc=0x0000022bcdd09c30 method=lombok.eclipse.EclipseAST.buildTypeUse(Lorg/eclipse/jdt/internal/compiler/ast/TypeReference;)Llombok/eclipse/EclipseNode; @ 245 c2
Event: 2454.356 Thread 0x0000022c22526920 DEOPT PACKING pc=0x0000022bcdd09c30 sp=0x000000f85ddfdaa0
Event: 2454.356 Thread 0x0000022c22526920 DEOPT UNPACKING pc=0x0000022bccc96da2 sp=0x000000f85ddfda60 mode 2
Event: 2454.358 Thread 0x0000022c22526920 Uncommon trap: trap_request=0xffffff45 fr.pc=0x0000022bce20f440 relative=0x0000000000000520
Event: 2454.358 Thread 0x0000022c22526920 Uncommon trap: reason=unstable_if action=reinterpret pc=0x0000022bce20f440 method=org.eclipse.jdt.core.Signature.encodeQualifiedName([CIILjava/lang/StringBuilder;)I @ 16 c2
Event: 2454.358 Thread 0x0000022c22526920 DEOPT PACKING pc=0x0000022bce20f440 sp=0x000000f85ddfe1f0
Event: 2454.358 Thread 0x0000022c22526920 DEOPT UNPACKING pc=0x0000022bccc96da2 sp=0x000000f85ddfe190 mode 2
Event: 2454.366 Thread 0x0000022c22526920 DEOPT PACKING pc=0x0000022bc8053272 sp=0x000000f85ddfdc70
Event: 2454.366 Thread 0x0000022c22526920 DEOPT UNPACKING pc=0x0000022bccc978e2 sp=0x000000f85ddfd1e8 mode 0

Classes loaded (20 events):
Event: 2432.712 Loading class java/util/stream/Nodes$AbstractConcNode done
Event: 2432.712 Loading class java/util/stream/Nodes$ConcNode done
Event: 2432.721 Loading class java/io/ObjectOutputStream$BlockDataOutputStream
Event: 2432.721 Loading class java/io/ObjectOutputStream$BlockDataOutputStream done
Event: 2432.721 Loading class java/io/ObjectOutputStream$HandleTable
Event: 2432.721 Loading class java/io/ObjectOutputStream$HandleTable done
Event: 2432.721 Loading class java/io/ObjectOutputStream$ReplaceTable
Event: 2432.721 Loading class java/io/ObjectOutputStream$ReplaceTable done
Event: 2447.269 Loading class java/util/regex/Pattern$Behind
Event: 2447.269 Loading class java/util/regex/Pattern$Behind done
Event: 2447.269 Loading class java/util/regex/Pattern$Neg
Event: 2447.269 Loading class java/util/regex/Pattern$Neg done
Event: 2447.359 Loading class java/util/stream/ReduceOps$5
Event: 2447.359 Loading class java/util/stream/ReduceOps$5 done
Event: 2447.359 Loading class java/util/stream/ReduceOps$CountingSink$OfRef
Event: 2447.359 Loading class java/util/stream/ReduceOps$CountingSink
Event: 2447.359 Loading class java/util/stream/ReduceOps$CountingSink done
Event: 2447.359 Loading class java/util/stream/ReduceOps$CountingSink$OfRef done
Event: 2447.475 Loading class jdk/internal/module/IllegalAccessLogger
Event: 2447.475 Loading class jdk/internal/module/IllegalAccessLogger done

Classes unloaded (20 events):
Event: 1997.397 Thread 0x0000022bc25b5fa0 Unloading class 0x0000022bda0b5000 'java/lang/invoke/LambdaForm$MH+0x0000022bda0b5000'
Event: 1997.397 Thread 0x0000022bc25b5fa0 Unloading class 0x0000022bda0b4c00 'java/lang/invoke/LambdaForm$MH+0x0000022bda0b4c00'
Event: 1997.397 Thread 0x0000022bc25b5fa0 Unloading class 0x0000022bda08c000 'java/lang/invoke/LambdaForm$MH+0x0000022bda08c000'
Event: 1997.397 Thread 0x0000022bc25b5fa0 Unloading class 0x0000022bda08ac00 'java/lang/invoke/LambdaForm$MH+0x0000022bda08ac00'
Event: 1997.397 Thread 0x0000022bc25b5fa0 Unloading class 0x0000022bda01ec00 'java/lang/invoke/LambdaForm$MH+0x0000022bda01ec00'
Event: 1997.397 Thread 0x0000022bc25b5fa0 Unloading class 0x0000022bda00d800 'java/lang/invoke/LambdaForm$MH+0x0000022bda00d800'
Event: 1997.397 Thread 0x0000022bc25b5fa0 Unloading class 0x0000022bda00d400 'java/lang/invoke/LambdaForm$MH+0x0000022bda00d400'
Event: 1997.397 Thread 0x0000022bc25b5fa0 Unloading class 0x0000022bda00d000 'java/lang/invoke/LambdaForm$MH+0x0000022bda00d000'
Event: 1997.397 Thread 0x0000022bc25b5fa0 Unloading class 0x0000022bda00cc00 'java/lang/invoke/LambdaForm$MH+0x0000022bda00cc00'
Event: 1997.397 Thread 0x0000022bc25b5fa0 Unloading class 0x0000022bda00c800 'java/lang/invoke/LambdaForm$BMH+0x0000022bda00c800'
Event: 1997.397 Thread 0x0000022bc25b5fa0 Unloading class 0x0000022bda00c000 'java/lang/invoke/LambdaForm$DMH+0x0000022bda00c000'
Event: 1997.397 Thread 0x0000022bc25b5fa0 Unloading class 0x0000022bda008c00 'java/lang/invoke/LambdaForm$MH+0x0000022bda008c00'
Event: 1997.397 Thread 0x0000022bc25b5fa0 Unloading class 0x0000022bda008800 'java/lang/invoke/LambdaForm$MH+0x0000022bda008800'
Event: 1997.397 Thread 0x0000022bc25b5fa0 Unloading class 0x0000022bda008400 'java/lang/invoke/LambdaForm$MH+0x0000022bda008400'
Event: 1997.397 Thread 0x0000022bc25b5fa0 Unloading class 0x0000022bda007000 'java/lang/invoke/LambdaForm$MH+0x0000022bda007000'
Event: 1997.397 Thread 0x0000022bc25b5fa0 Unloading class 0x0000022bda006800 'java/lang/invoke/LambdaForm$MH+0x0000022bda006800'
Event: 1997.397 Thread 0x0000022bc25b5fa0 Unloading class 0x0000022bda006400 'java/lang/invoke/LambdaForm$MH+0x0000022bda006400'
Event: 1997.397 Thread 0x0000022bc25b5fa0 Unloading class 0x0000022bda006000 'java/lang/invoke/LambdaForm$MH+0x0000022bda006000'
Event: 1997.397 Thread 0x0000022bc25b5fa0 Unloading class 0x0000022bda005c00 'java/lang/invoke/LambdaForm$BMH+0x0000022bda005c00'
Event: 1997.397 Thread 0x0000022bc25b5fa0 Unloading class 0x0000022bda004800 'java/lang/invoke/LambdaForm$DMH+0x0000022bda004800'

Classes redefined (0 events):
No events

Internal exceptions (20 events):
Event: 2431.522 Thread 0x0000022c21ddd1f0 Exception <a 'java/lang/IncompatibleClassChangeError'{0x00000000d591e5b8}: Found class java.lang.Object, but interface was expected> (0x00000000d591e5b8) 
thrown [s\src\hotspot\share\interpreter\linkResolver.cpp, line 840]
Event: 2431.541 Thread 0x0000022c21ddd1f0 Exception <a 'java/lang/ArrayIndexOutOfBoundsException'{0x00000000d5630420}: Index 2197 out of bounds for length 2197> (0x00000000d5630420) 
thrown [s\src\hotspot\share\interpreter\interpreterRuntime.cpp, line 439]
Event: 2431.610 Thread 0x0000022c21ddd1f0 Exception <a 'java/lang/IncompatibleClassChangeError'{0x00000000d55832d0}: Found class java.lang.Object, but interface was expected> (0x00000000d55832d0) 
thrown [s\src\hotspot\share\interpreter\linkResolver.cpp, line 840]
Event: 2432.703 Thread 0x0000022c21800e50 Implicit null exception at 0x0000022bcd4b048e to 0x0000022bcd4b0535
Event: 2432.718 Thread 0x0000022c21800e50 Exception <a 'sun/nio/fs/WindowsException'{0x00000000d575fb98}> (0x00000000d575fb98) 
thrown [s\src\hotspot\share\prims\jni.cpp, line 520]
Event: 2432.718 Thread 0x0000022c21800e50 Exception <a 'sun/nio/fs/WindowsException'{0x00000000d5760498}> (0x00000000d5760498) 
thrown [s\src\hotspot\share\prims\jni.cpp, line 520]
Event: 2432.718 Thread 0x0000022c21800e50 Implicit null exception at 0x0000022bcda42811 to 0x0000022bcda42aa0
Event: 2432.740 Thread 0x0000022c21800e50 Exception <a 'java/lang/NoSuchMethodError'{0x00000000d58e0bc8}: static Lorg/eclipse/m2e/core/internal/lifecyclemapping/model/PluginExecutionMetadata;.<clinit>()V> (0x00000000d58e0bc8) 
thrown [s\src\hotspot\share\prims\jni.cpp, line 1111]
Event: 2432.741 Thread 0x0000022c21800e50 Exception <a 'java/lang/NoSuchMethodError'{0x00000000d5902c20}: static Lorg/eclipse/m2e/core/internal/lifecyclemapping/model/PluginExecutionFilter;.<clinit>()V> (0x00000000d5902c20) 
thrown [s\src\hotspot\share\prims\jni.cpp, line 1111]
Event: 2432.742 Thread 0x0000022c21800e50 Exception <a 'java/lang/NoSuchMethodError'{0x00000000d591c930}: static Lorg/eclipse/m2e/core/internal/project/registry/MavenProjectFacade$MavenProjectConfiguration;.<clinit>()V> (0x00000000d591c930) 
thrown [s\src\hotspot\share\prims\jni.cpp, line 1111]
Event: 2432.742 Thread 0x0000022c21800e50 Exception <a 'java/lang/NoSuchMethodError'{0x00000000d59381c8}: static [J.<clinit>()V> (0x00000000d59381c8) 
thrown [s\src\hotspot\share\prims\jni.cpp, line 1111]
Event: 2432.745 Thread 0x0000022c21800e50 Exception <a 'java/lang/NoSuchMethodError'{0x00000000d596d320}: 'java.lang.Object java.lang.invoke.DirectMethodHandle$Holder.newInvokeSpecial(java.lang.Object, java.lang.Object, java.lang.Object, java.lang.Object, java.lang.Object, java.lang.Object, java.lang.Object, java.lang.Object)'> (0x00000000d596d320) 
thrown [s\src\hotspot\share\interpreter\linkResolver.cpp, line 773]
Event: 2440.971 Thread 0x0000022c21ddd1f0 Exception <a 'java/lang/ArrayIndexOutOfBoundsException'{0x00000000d57c82e0}: Index 2205 out of bounds for length 2205> (0x00000000d57c82e0) 
thrown [s\src\hotspot\share\interpreter\interpreterRuntime.cpp, line 439]
Event: 2447.219 Thread 0x0000022c21ddd1f0 Exception <a 'java/lang/IncompatibleClassChangeError'{0x00000000d598eee8}: Found class java.lang.Object, but interface was expected> (0x00000000d598eee8) 
thrown [s\src\hotspot\share\interpreter\linkResolver.cpp, line 840]
Event: 2447.219 Thread 0x0000022c21ddd1f0 Exception <a 'java/lang/IncompatibleClassChangeError'{0x00000000d5992dd8}: Found class java.lang.Object, but interface was expected> (0x00000000d5992dd8) 
thrown [s\src\hotspot\share\interpreter\linkResolver.cpp, line 840]
Event: 2447.242 Thread 0x0000022c21ddd1f0 Exception <a 'java/lang/IncompatibleClassChangeError'{0x00000000d5624620}: Found class java.lang.Object, but interface was expected> (0x00000000d5624620) 
thrown [s\src\hotspot\share\interpreter\linkResolver.cpp, line 840]
Event: 2447.245 Thread 0x0000022c22526920 Exception <a 'java/lang/NoSuchMethodError'{0x00000000d565a500}: 'void java.lang.invoke.DirectMethodHandle$Holder.invokeSpecial(java.lang.Object, java.lang.Object, int)'> (0x00000000d565a500) 
thrown [s\src\hotspot\share\interpreter\linkResolver.cpp, line 773]
Event: 2447.318 Thread 0x0000022c211c3cf0 Implicit null exception at 0x0000022bce126420 to 0x0000022bce129d48
Event: 2447.341 Thread 0x0000022c211c3cf0 Exception <a 'sun/nio/fs/WindowsException'{0x00000000d55da8b8}> (0x00000000d55da8b8) 
thrown [s\src\hotspot\share\prims\jni.cpp, line 520]
Event: 2447.482 Thread 0x0000022c211c3cf0 Exception <a 'sun/nio/fs/WindowsException'{0x00000000d582a8c0}> (0x00000000d582a8c0) 
thrown [s\src\hotspot\share\prims\jni.cpp, line 520]

ZGC Phase Switch (0 events):
No events

VM Operations (20 events):
Event: 2447.531 Executing safepoint VM operation: ParallelGCFailedAllocation (Allocation Failure) done
Event: 2448.041 Executing safepoint VM operation: ParallelGCFailedAllocation (Allocation Failure)
Event: 2448.043 Executing safepoint VM operation: ParallelGCFailedAllocation (Allocation Failure) done
Event: 2449.053 Executing safepoint VM operation: Cleanup
Event: 2449.053 Executing safepoint VM operation: Cleanup done
Event: 2450.058 Executing safepoint VM operation: Cleanup
Event: 2450.058 Executing safepoint VM operation: Cleanup done
Event: 2453.648 Executing safepoint VM operation: ParallelGCFailedAllocation (Allocation Failure)
Event: 2453.650 Executing safepoint VM operation: ParallelGCFailedAllocation (Allocation Failure) done
Event: 2453.673 Executing safepoint VM operation: ParallelGCFailedAllocation (Allocation Failure)
Event: 2453.675 Executing safepoint VM operation: ParallelGCFailedAllocation (Allocation Failure) done
Event: 2453.732 Executing safepoint VM operation: ParallelGCFailedAllocation (Allocation Failure)
Event: 2453.734 Executing safepoint VM operation: ParallelGCFailedAllocation (Allocation Failure) done
Event: 2454.106 Executing safepoint VM operation: ParallelGCFailedAllocation (Allocation Failure)
Event: 2454.107 Executing safepoint VM operation: ParallelGCFailedAllocation (Allocation Failure) done
Event: 2454.304 Executing safepoint VM operation: ParallelGCFailedAllocation (Allocation Failure)
Event: 2454.305 Executing safepoint VM operation: ParallelGCFailedAllocation (Allocation Failure) done
Event: 2454.325 Executing safepoint VM operation: ParallelGCFailedAllocation (Allocation Failure)
Event: 2454.328 Executing safepoint VM operation: ParallelGCFailedAllocation (Allocation Failure) done
Event: 2454.368 Executing safepoint VM operation: ParallelGCFailedAllocation (Allocation Failure)

Memory protections (0 events):
No events

Nmethod flushes (20 events):
Event: 1997.422 Thread 0x0000022bc25b5fa0 flushing  nmethod 0x0000022bc6a2da90
Event: 1997.422 Thread 0x0000022bc25b5fa0 flushing  nmethod 0x0000022bc6a2e210
Event: 1997.422 Thread 0x0000022bc25b5fa0 flushing  nmethod 0x0000022bc6a35f10
Event: 1997.422 Thread 0x0000022bc25b5fa0 flushing  nmethod 0x0000022bc6a39410
Event: 1997.422 Thread 0x0000022bc25b5fa0 flushing  nmethod 0x0000022bc6a3ff10
Event: 1997.422 Thread 0x0000022bc25b5fa0 flushing  nmethod 0x0000022bc6a6c090
Event: 1997.422 Thread 0x0000022bc25b5fa0 flushing  nmethod 0x0000022bc6a6f690
Event: 1997.422 Thread 0x0000022bc25b5fa0 flushing  nmethod 0x0000022bc6a70a10
Event: 1997.422 Thread 0x0000022bc25b5fa0 flushing  nmethod 0x0000022bc6a76a90
Event: 1997.422 Thread 0x0000022bc25b5fa0 flushing  nmethod 0x0000022bc6a77e10
Event: 1997.422 Thread 0x0000022bc25b5fa0 flushing  nmethod 0x0000022bc6a79e10
Event: 1997.422 Thread 0x0000022bc25b5fa0 flushing  nmethod 0x0000022bc6a7a890
Event: 1997.422 Thread 0x0000022bc25b5fa0 flushing  nmethod 0x0000022bc6a7ad10
Event: 1997.422 Thread 0x0000022bc25b5fa0 flushing  nmethod 0x0000022bc6a7ee90
Event: 1997.422 Thread 0x0000022bc25b5fa0 flushing  nmethod 0x0000022bc6a83910
Event: 1997.422 Thread 0x0000022bc25b5fa0 flushing  nmethod 0x0000022bc6a84f90
Event: 1997.422 Thread 0x0000022bc25b5fa0 flushing  nmethod 0x0000022bc6a85510
Event: 1997.422 Thread 0x0000022bc25b5fa0 flushing  nmethod 0x0000022bc6a88390
Event: 1997.422 Thread 0x0000022bc25b5fa0 flushing  nmethod 0x0000022bc6ad8010
Event: 1997.422 Thread 0x0000022bc25b5fa0 flushing osr nmethod 0x0000022bc6b00c10

Events (20 events):
Event: 2438.500 Thread 0x0000022bc24a3820 Thread added: 0x0000022c24456e40
Event: 2438.647 Thread 0x0000022c24456e40 Thread exited: 0x0000022c24456e40
Event: 2438.691 Thread 0x0000022c244559d0 Thread exited: 0x0000022c244559d0
Event: 2439.224 Thread 0x0000022bc24a3170 Thread added: 0x0000022c24456e40
Event: 2439.387 Thread 0x0000022c24456e40 Thread exited: 0x0000022c24456e40
Event: 2439.557 Thread 0x0000022bc24a3820 Thread added: 0x0000022c244559d0
Event: 2439.769 Thread 0x0000022c244559d0 Thread exited: 0x0000022c244559d0
Event: 2440.980 Thread 0x0000022bc24a3820 Thread added: 0x0000022c244559d0
Event: 2440.980 Thread 0x0000022bc24a3820 Thread added: 0x0000022c24456e40
Event: 2441.222 Thread 0x0000022c24456e40 Thread exited: 0x0000022c24456e40
Event: 2441.539 Thread 0x0000022c244559d0 Thread exited: 0x0000022c244559d0
Event: 2447.269 Thread 0x0000022bc24a3820 Thread added: 0x0000022c24457510
Event: 2447.438 Thread 0x0000022c211c50a0 Thread added: 0x0000022c2252a430
Event: 2447.476 Thread 0x0000022c211c50a0 Thread added: 0x0000022c21802200
Event: 2447.483 Thread 0x0000022c21800e50 Thread added: 0x0000022c21800130
Event: 2447.648 Thread 0x0000022c24457510 Thread exited: 0x0000022c24457510
Event: 2453.681 Thread 0x0000022bc24a3820 Thread added: 0x0000022c244559d0
Event: 2453.919 Thread 0x0000022c244559d0 Thread exited: 0x0000022c244559d0
Event: 2454.123 Thread 0x0000022bc24a3820 Thread added: 0x0000022c244559d0
Event: 2454.336 Thread 0x0000022c244559d0 Thread added: 0x0000022c24457510


Dynamic libraries:
0x00007ff614ed0000 - 0x00007ff614ede000 	c:\Users\laksh\.vscode\extensions\redhat.java-1.54.0-win32-x64\jre\21.0.10-win32-x86_64\bin\java.exe
0x00007ff902580000 - 0x00007ff9027e7000 	C:\WINDOWS\SYSTEM32\ntdll.dll
0x00007ff9009f0000 - 0x00007ff900ab9000 	C:\WINDOWS\System32\KERNEL32.DLL
0x00007ff8fee50000 - 0x00007ff8ff244000 	C:\WINDOWS\System32\KERNELBASE.dll
0x00007ff8fc0b0000 - 0x00007ff8fc14f000 	C:\WINDOWS\SYSTEM32\apphelp.dll
0x00007ff8ff770000 - 0x00007ff8ff8bb000 	C:\WINDOWS\System32\ucrtbase.dll
0x00007ff8b9c20000 - 0x00007ff8b9c38000 	c:\Users\laksh\.vscode\extensions\redhat.java-1.54.0-win32-x64\jre\21.0.10-win32-x86_64\bin\jli.dll
0x00007ff901fb0000 - 0x00007ff902175000 	C:\WINDOWS\System32\USER32.dll
0x00007ff8ff250000 - 0x00007ff8ff277000 	C:\WINDOWS\System32\win32u.dll
0x00007ff902330000 - 0x00007ff90235b000 	C:\WINDOWS\System32\GDI32.dll
0x00007ff8ff970000 - 0x00007ff8ffa9b000 	C:\WINDOWS\System32\gdi32full.dll
0x00007ff8ff540000 - 0x00007ff8ff5e3000 	C:\WINDOWS\System32\msvcp_win.dll
0x00007ff8b9a80000 - 0x00007ff8b9a9e000 	c:\Users\laksh\.vscode\extensions\redhat.java-1.54.0-win32-x64\jre\21.0.10-win32-x86_64\bin\VCRUNTIME140.dll
0x00007ff8e44f0000 - 0x00007ff8e4783000 	C:\WINDOWS\WinSxS\amd64_microsoft.windows.common-controls_6595b64144ccf1df_6.0.26100.8115_none_3e075c82e3354f9c\COMCTL32.dll
0x00007ff902280000 - 0x00007ff902329000 	C:\WINDOWS\System32\msvcrt.dll
0x00007ff900760000 - 0x00007ff900792000 	C:\WINDOWS\System32\IMM32.DLL
0x00007ff8edd60000 - 0x00007ff8edd6c000 	c:\Users\laksh\.vscode\extensions\redhat.java-1.54.0-win32-x64\jre\21.0.10-win32-x86_64\bin\vcruntime140_1.dll
0x00007ff8654f0000 - 0x00007ff86557d000 	c:\Users\laksh\.vscode\extensions\redhat.java-1.54.0-win32-x64\jre\21.0.10-win32-x86_64\bin\msvcp140.dll
0x00007ff847170000 - 0x00007ff847f11000 	c:\Users\laksh\.vscode\extensions\redhat.java-1.54.0-win32-x64\jre\21.0.10-win32-x86_64\bin\server\jvm.dll
0x00007ff900450000 - 0x00007ff900506000 	C:\WINDOWS\System32\ADVAPI32.dll
0x00007ff901d50000 - 0x00007ff901df7000 	C:\WINDOWS\System32\sechost.dll
0x00007ff9008d0000 - 0x00007ff9009e8000 	C:\WINDOWS\System32\RPCRT4.dll
0x00007ff900570000 - 0x00007ff9005f0000 	C:\WINDOWS\System32\WS2_32.dll
0x00007ff8fecb0000 - 0x00007ff8fed0e000 	C:\WINDOWS\SYSTEM32\POWRPROF.dll
0x00007ff8e6b80000 - 0x00007ff8e6bb6000 	C:\WINDOWS\SYSTEM32\WINMM.dll
0x00007ff8eb540000 - 0x00007ff8eb54b000 	C:\WINDOWS\SYSTEM32\VERSION.dll
0x00007ff8fec90000 - 0x00007ff8feca4000 	C:\WINDOWS\SYSTEM32\UMPDC.dll
0x00007ff8fdbe0000 - 0x00007ff8fdbfb000 	C:\WINDOWS\SYSTEM32\kernel.appcore.dll
0x00007ff8edb50000 - 0x00007ff8edb5a000 	c:\Users\laksh\.vscode\extensions\redhat.java-1.54.0-win32-x64\jre\21.0.10-win32-x86_64\bin\jimage.dll
0x00007ff8fc630000 - 0x00007ff8fc872000 	C:\WINDOWS\SYSTEM32\DBGHELP.DLL
0x00007ff9018a0000 - 0x00007ff901c22000 	C:\WINDOWS\System32\combase.dll
0x00007ff900fe0000 - 0x00007ff9010b8000 	C:\WINDOWS\System32\OLEAUT32.dll
0x00007ff8de470000 - 0x00007ff8de4ab000 	C:\WINDOWS\SYSTEM32\dbgcore.DLL
0x00007ff8ff8c0000 - 0x00007ff8ff965000 	C:\WINDOWS\System32\bcryptPrimitives.dll
0x00007ff8ed970000 - 0x00007ff8ed97f000 	c:\Users\laksh\.vscode\extensions\redhat.java-1.54.0-win32-x64\jre\21.0.10-win32-x86_64\bin\instrument.dll
0x00007ff8b6f90000 - 0x00007ff8b6fb0000 	c:\Users\laksh\.vscode\extensions\redhat.java-1.54.0-win32-x64\jre\21.0.10-win32-x86_64\bin\java.dll
0x00007ff901110000 - 0x00007ff901877000 	C:\WINDOWS\System32\SHELL32.dll
0x00007ff8ff3d0000 - 0x00007ff8ff53a000 	C:\WINDOWS\System32\wintypes.dll
0x00007ff8ffaa0000 - 0x00007ff900308000 	C:\WINDOWS\System32\windows.storage.dll
0x00007ff901c30000 - 0x00007ff901d28000 	C:\WINDOWS\System32\SHCORE.dll
0x00007ff9007a0000 - 0x00007ff900806000 	C:\WINDOWS\System32\shlwapi.dll
0x00007ff8fed70000 - 0x00007ff8fed99000 	C:\WINDOWS\SYSTEM32\profapi.dll
0x00007ff8ac820000 - 0x00007ff8ac838000 	c:\Users\laksh\.vscode\extensions\redhat.java-1.54.0-win32-x64\jre\21.0.10-win32-x86_64\bin\zip.dll
0x00007ff8ed940000 - 0x00007ff8ed950000 	C:\Users\laksh\.vscode\extensions\redhat.java-1.54.0-win32-x64\jre\21.0.10-win32-x86_64\bin\net.dll
0x00007ff8f41b0000 - 0x00007ff8f42dd000 	C:\WINDOWS\SYSTEM32\WINHTTP.dll
0x00007ff8fe150000 - 0x00007ff8fe1bc000 	C:\WINDOWS\system32\mswsock.dll
0x00007ff888010000 - 0x00007ff888026000 	C:\Users\laksh\.vscode\extensions\redhat.java-1.54.0-win32-x64\jre\21.0.10-win32-x86_64\bin\nio.dll
0x00007ff8ed3b0000 - 0x00007ff8ed3c0000 	c:\Users\laksh\.vscode\extensions\redhat.java-1.54.0-win32-x64\jre\21.0.10-win32-x86_64\bin\verify.dll
0x00007ff86bc80000 - 0x00007ff86bcc5000 	C:\Users\laksh\AppData\Roaming\Code\User\globalStorage\redhat.java\1.54.0\config_win\org.eclipse.equinox.launcher\org.eclipse.equinox.launcher.win32.win32.x86_64_1.3.0.v20260203-2149\eclipse_11919.dll
0x00007ff901e00000 - 0x00007ff901f97000 	C:\WINDOWS\System32\ole32.dll
0x00007ff8fe430000 - 0x00007ff8fe44b000 	C:\WINDOWS\SYSTEM32\CRYPTSP.dll
0x00007ff8fdb40000 - 0x00007ff8fdb79000 	C:\WINDOWS\system32\rsaenh.dll
0x00007ff8fe200000 - 0x00007ff8fe233000 	C:\WINDOWS\SYSTEM32\USERENV.dll
0x00007ff8fed40000 - 0x00007ff8fed6a000 	C:\WINDOWS\SYSTEM32\bcrypt.dll
0x00007ff8fe450000 - 0x00007ff8fe45c000 	C:\WINDOWS\SYSTEM32\CRYPTBASE.dll
0x00007ff8fd5f0000 - 0x00007ff8fd622000 	C:\WINDOWS\SYSTEM32\IPHLPAPI.DLL
0x00007ff901890000 - 0x00007ff90189a000 	C:\WINDOWS\System32\NSI.dll
0x00007ff868660000 - 0x00007ff8686a9000 	C:\Users\laksh\AppData\Local\Temp\jna-102736491\jna11633755178739215445.dll
0x00007ff9008c0000 - 0x00007ff9008c8000 	C:\WINDOWS\System32\PSAPI.DLL
0x00007ff8f4460000 - 0x00007ff8f447d000 	C:\WINDOWS\SYSTEM32\dhcpcsvc6.DLL
0x00007ff8f4430000 - 0x00007ff8f4455000 	C:\WINDOWS\SYSTEM32\dhcpcsvc.DLL
0x00007ff8ed350000 - 0x00007ff8ed35e000 	C:\Users\laksh\.vscode\extensions\redhat.java-1.54.0-win32-x64\jre\21.0.10-win32-x86_64\bin\sunmscapi.dll
0x00007ff8ff5f0000 - 0x00007ff8ff767000 	C:\WINDOWS\System32\CRYPT32.dll
0x00007ff8fe650000 - 0x00007ff8fe680000 	C:\WINDOWS\SYSTEM32\ncrypt.dll
0x00007ff8fe600000 - 0x00007ff8fe63f000 	C:\WINDOWS\SYSTEM32\NTASN1.dll
0x00007ff8fd690000 - 0x00007ff8fd7c2000 	C:\WINDOWS\SYSTEM32\DNSAPI.dll
0x00007ff8eda40000 - 0x00007ff8eda4b000 	C:\Windows\System32\rasadhlp.dll
0x00007ff8f5d30000 - 0x00007ff8f5db6000 	C:\WINDOWS\System32\fwpuclnt.dll
0x00007ff8ed320000 - 0x00007ff8ed329000 	C:\Users\laksh\.vscode\extensions\redhat.java-1.54.0-win32-x64\jre\21.0.10-win32-x86_64\bin\extnet.dll

JVMTI agents:
c:\Users\laksh\.vscode\extensions\redhat.java-1.54.0-win32-x64\lombok\lombok-1.18.39-4050.jar path:c:\Users\laksh\.vscode\extensions\redhat.java-1.54.0-win32-x64\jre\21.0.10-win32-x86_64\bin\instrument.dll, loaded, initialized, instrumentlib options:none

dbghelp: loaded successfully - version: 4.0.5 - missing functions: none
symbol engine: initialized successfully - sym options: 0x614 - pdb path: .;c:\Users\laksh\.vscode\extensions\redhat.java-1.54.0-win32-x64\jre\21.0.10-win32-x86_64\bin;C:\WINDOWS\SYSTEM32;C:\WINDOWS\WinSxS\amd64_microsoft.windows.common-controls_6595b64144ccf1df_6.0.26100.8115_none_3e075c82e3354f9c;c:\Users\laksh\.vscode\extensions\redhat.java-1.54.0-win32-x64\jre\21.0.10-win32-x86_64\bin\server;C:\Users\laksh\AppData\Roaming\Code\User\globalStorage\redhat.java\1.54.0\config_win\org.eclipse.equinox.launcher\org.eclipse.equinox.launcher.win32.win32.x86_64_1.3.0.v20260203-2149;C:\Users\laksh\AppData\Local\Temp\jna-102736491

VM Arguments:
jvm_args: --add-modules=ALL-SYSTEM --add-opens=java.base/java.util=ALL-UNNAMED --add-opens=java.base/java.lang=ALL-UNNAMED --add-opens=java.base/sun.nio.fs=ALL-UNNAMED -Declipse.application=org.eclipse.jdt.ls.core.id1 -Dosgi.bundles.defaultStartLevel=4 -Declipse.product=org.eclipse.jdt.ls.core.product -Djava.import.generatesMetadataFilesAtProjectRoot=false -DDetectVMInstallationsJob.disabled=true -Dfile.encoding=utf8 -XX:+UseParallelGC -XX:GCTimeRatio=4 -XX:AdaptiveSizePolicyWeight=90 -Dsun.zip.disableMemoryMapping=true -Xmx2G -Xms100m -Xlog:disable -javaagent:c:\Users\laksh\.vscode\extensions\redhat.java-1.54.0-win32-x64\lombok\lombok-1.18.39-4050.jar -XX:+HeapDumpOnOutOfMemoryError -XX:HeapDumpPath=c:\Users\laksh\AppData\Roaming\Code\User\workspaceStorage\09349a7c7149df976c8384d91a7e0fa0\redhat.java -Daether.dependencyCollector.impl=bf 
java_command: c:\Users\laksh\.vscode\extensions\redhat.java-1.54.0-win32-x64\server\plugins\org.eclipse.equinox.launcher_1.7.100.v20251111-0406.jar -configuration c:\Users\laksh\AppData\Roaming\Code\User\globalStorage\redhat.java\1.54.0\config_win -data c:\Users\laksh\AppData\Roaming\Code\User\workspaceStorage\09349a7c7149df976c8384d91a7e0fa0\redhat.java\jdt_ws --pipe=\\.\pipe\lsp-f7c56c9bba50a4bfceaa4439510ae448-sock
java_class_path (initial): c:\Users\laksh\.vscode\extensions\redhat.java-1.54.0-win32-x64\server\plugins\org.eclipse.equinox.launcher_1.7.100.v20251111-0406.jar
Launcher Type: SUN_STANDARD

[Global flags]
    uintx AdaptiveSizePolicyWeight                 = 90                                        {product} {command line}
     intx CICompilerCount                          = 4                                         {product} {ergonomic}
    uintx GCTimeRatio                              = 4                                         {product} {command line}
     bool HeapDumpOnOutOfMemoryError               = true                                   {manageable} {command line}
    ccstr HeapDumpPath                             = c:\Users\laksh\AppData\Roaming\Code\User\workspaceStorage\09349a7c7149df976c8384d91a7e0fa0\redhat.java         {manageable} {command line}
   size_t InitialHeapSize                          = 104857600                                 {product} {command line}
   size_t MaxHeapSize                              = 2147483648                                {product} {command line}
   size_t MaxNewSize                               = 715653120                                 {product} {ergonomic}
   size_t MinHeapDeltaBytes                        = 524288                                    {product} {ergonomic}
   size_t MinHeapSize                              = 104857600                                 {product} {command line}
   size_t NewSize                                  = 34603008                                  {product} {ergonomic}
    uintx NonNMethodCodeHeapSize                   = 5839372                                {pd product} {ergonomic}
    uintx NonProfiledCodeHeapSize                  = 122909434                              {pd product} {ergonomic}
   size_t OldSize                                  = 70254592                                  {product} {ergonomic}
    uintx ProfiledCodeHeapSize                     = 122909434                              {pd product} {ergonomic}
    uintx ReservedCodeCacheSize                    = 251658240                              {pd product} {ergonomic}
     bool SegmentedCodeCache                       = true                                      {product} {ergonomic}
   size_t SoftMaxHeapSize                          = 2147483648                             {manageable} {ergonomic}
     bool UseCompressedOops                        = true                           {product lp64_product} {ergonomic}
     bool UseLargePagesIndividualAllocation        = false                                  {pd product} {ergonomic}
     bool UseParallelGC                            = true                                      {product} {command line}

Logging:
Log output configuration:
 #0: stdout all=off uptime,level,tags foldmultilines=false
 #1: stderr all=off uptime,level,tags foldmultilines=false

Release file:
JAVA_VERSION="21.0.10" 
MODULES="java.base java.compiler java.datatransfer java.xml java.prefs java.desktop java.instrument java.logging java.management java.security.sasl java.naming java.rmi java.management.rmi java.net.http java.scripting java.security.jgss java.transaction.xa java.sql java.sql.rowset java.xml.crypto java.se java.smartcardio jdk.accessibility jdk.internal.jvmstat jdk.attach jdk.charsets jdk.internal.opt jdk.zipfs jdk.compiler jdk.crypto.ec jdk.crypto.cryptoki jdk.crypto.mscapi jdk.dynalink jdk.internal.ed jdk.editpad jdk.hotspot.agent jdk.httpserver jdk.internal.le jdk.internal.vm.ci jdk.internal.vm.compiler jdk.internal.vm.compiler.management jdk.jartool jdk.javadoc jdk.jcmd jdk.management jdk.management.agent jdk.jconsole jdk.jdeps jdk.jdwp.agent jdk.jdi jdk.jfr jdk.jshell jdk.jsobject jdk.jstatd jdk.localedata jdk.management.jfr jdk.naming.dns jdk.naming.rmi jdk.net jdk.nio.mapmode jdk.random jdk.sctp jdk.security.auth jdk.security.jgss jdk.unsupported jdk.unsupported.desktop jdk.xml.dom" 

Environment Variables:
JAVA_HOME=C:\Program Files\Java\jdk-21.0.10
PATH=C:\Users\laksh\AppData\Local\Programs\Microsoft VS Code;C:\Program Files\Common Files\Oracle\Java\javapath;C:\WINDOWS\system32;C:\WINDOWS;C:\WINDOWS\System32\Wbem;C:\WINDOWS\System32\WindowsPowerShell\v1.0\;C:\WINDOWS\System32\OpenSSH\;C:\Program Files\Java\jdk-21.0.10\bin;C:\Program Files\Git\cmd;C:\Program Files\nodejs\;C:\Program Files\Maven\apache-maven-3.9.14\bin;C:\Program Files\MySQL\MySQL Server 8.0\bin;C:\Users\laksh\AppData\Local\Programs\Python\Python313\Scripts\;C:\Users\laksh\AppData\Local\Programs\Python\Python313\;C:\Users\laksh\AppData\Local\Programs\Python\Launcher\;C:\Users\laksh\AppData\Local\Microsoft\WindowsApps;C:\Users\laksh\AppData\Local\Programs\Microsoft VS Code\bin;C:\Program Files\JetBrains\IntelliJ IDEA Community Edition 2024.3.3\bin;;C:\Program Files\JetBrains\IntelliJ IDEA 2024.3.5\bin;;C:\Users\laksh\AppData\Roaming\npm;C:\msys64\ucrt64\bin;
USERNAME=laksh
OS=Windows_NT
PROCESSOR_IDENTIFIER=Intel64 Family 6 Model 140 Stepping 1, GenuineIntel
TMP=C:\Users\laksh\AppData\Local\Temp
TEMP=C:\Users\laksh\AppData\Local\Temp




Periodic native trim disabled

---------------  S Y S T E M  ---------------

OS:
 Windows 11 , 64 bit Build 26100 (10.0.26100.8246)
OS uptime: 7 days 4:35 hours
Hyper-V role detected

CPU: total 8 (initial active 8) (4 cores per cpu, 2 threads per core) family 6 model 140 stepping 1 microcode 0xa6, cx8, cmov, fxsr, ht, mmx, 3dnowpref, sse, sse2, sse3, ssse3, sse4.1, sse4.2, popcnt, lzcnt, tsc, tscinvbit, avx, avx2, aes, erms, clmul, bmi1, bmi2, adx, avx512f, avx512dq, avx512cd, avx512bw, avx512vl, sha, fma, vzeroupper, avx512_vpopcntdq, avx512_vpclmulqdq, avx512_vaes, avx512_vnni, clflush, clflushopt, clwb, avx512_vbmi2, avx512_vbmi, hv, rdtscp, rdpid, fsrm, gfni, avx512_bitalg, f16c, cet_ibt, cet_ss, avx512_ifma
Processor Information for the first 8 processors :
  Max Mhz: 2803, Current Mhz: 2803, Mhz Limit: 2803

Memory: 4k page, system-wide physical 16078M (1692M free)
TotalPageFile size 21504M (AvailPageFile size 6M)
current process WorkingSet (physical memory assigned to process): 660M, peak: 685M
current process commit charge ("private bytes"): 721M, peak: 1727M

vm_info: OpenJDK 64-Bit Server VM (21.0.10+7-LTS) for windows-amd64 JRE (21.0.10+7-LTS), built on 2026-01-20T00:00:00Z by "admin" with MS VC++ 17.12 (VS2022)

END.
