#
# There is insufficient memory for the Java Runtime Environment to continue.
# Native memory allocation (malloc) failed to allocate 1048576 bytes. Error detail: AllocateHeap
# Possible reasons:
#   The system is out of physical RAM or swap space
#   This process is running with CompressedOops enabled, and the Java Heap may be blocking the growth of the native heap
# Possible solutions:
#   Reduce memory load on the system
#   Increase physical memory or swap space
#   Check if swap backing store is full
#   Decrease Java heap size (-Xmx/-Xms)
#   Decrease number of Java threads
#   Decrease Java thread stack sizes (-Xss)
#   Set larger code cache with -XX:ReservedCodeCacheSize=
#   JVM is running with Unscaled Compressed Oops mode in which the Java heap is
#     placed in the first 4GB address space. The Java Heap base address is the
#     maximum limit for the native heap growth. Please use -XX:HeapBaseMinAddress
#     to set the Java Heap base and to place the Java Heap above 4GB virtual address.
# This output file may be truncated or incomplete.
#
#  Out of Memory Error (allocation.cpp:44), pid=19152, tid=17240
#
# JRE version: OpenJDK Runtime Environment Temurin-21.0.10+7 (21.0.10+7) (build 21.0.10+7-LTS)
# Java VM: OpenJDK 64-Bit Server VM Temurin-21.0.10+7 (21.0.10+7-LTS, mixed mode, sharing, tiered, compressed oops, compressed class ptrs, parallel gc, windows-amd64)
# No core dump will be written. Minidumps are not enabled by default on client versions of Windows
#

---------------  S U M M A R Y ------------

Command Line: --add-modules=ALL-SYSTEM --add-opens=java.base/java.util=ALL-UNNAMED --add-opens=java.base/java.lang=ALL-UNNAMED --add-opens=java.base/sun.nio.fs=ALL-UNNAMED -Declipse.application=org.eclipse.jdt.ls.core.id1 -Dosgi.bundles.defaultStartLevel=4 -Declipse.product=org.eclipse.jdt.ls.core.product -Djava.import.generatesMetadataFilesAtProjectRoot=false -DDetectVMInstallationsJob.disabled=true -Dfile.encoding=utf8 -XX:+UseParallelGC -XX:GCTimeRatio=4 -XX:AdaptiveSizePolicyWeight=90 -Dsun.zip.disableMemoryMapping=true -Xmx2G -Xms100m -Xlog:disable -javaagent:c:\Users\laksh\.vscode\extensions\redhat.java-1.54.0-win32-x64\lombok\lombok-1.18.39-4050.jar -XX:+HeapDumpOnOutOfMemoryError -XX:HeapDumpPath=c:\Users\laksh\AppData\Roaming\Code\User\workspaceStorage\09349a7c7149df976c8384d91a7e0fa0\redhat.java -Daether.dependencyCollector.impl=bf c:\Users\laksh\.vscode\extensions\redhat.java-1.54.0-win32-x64\server\plugins\org.eclipse.equinox.launcher_1.7.100.v20251111-0406.jar -configuration c:\Users\laksh\AppData\Roaming\Code\User\globalStorage\redhat.java\1.54.0\config_win -data c:\Users\laksh\AppData\Roaming\Code\User\workspaceStorage\09349a7c7149df976c8384d91a7e0fa0\redhat.java\jdt_ws --pipe=\\.\pipe\lsp-2ef2d66edd1ec854c324d7b59c791c86-sock

Host: 11th Gen Intel(R) Core(TM) i7-1165G7 @ 2.80GHz, 8 cores, 15G,  Windows 11 , 64 bit Build 26100 (10.0.26100.8246)
Time: Sun Apr 26 12:57:11 2026 Sri Lanka Standard Time elapsed time: 180.699978 seconds (0d 0h 3m 0s)

---------------  T H R E A D  ---------------

Current thread (0x0000013926033650):  JavaThread "Attach Listener" daemon [_thread_in_vm, id=17240, stack(0x000000065fa00000,0x000000065fb00000) (1024K)]

Stack: [0x000000065fa00000,0x000000065fb00000]
Native frames: (J=compiled Java code, j=interpreted, Vv=VM code, C=native code)
V  [jvm.dll+0x6d7a39]
V  [jvm.dll+0x8b4b26]
V  [jvm.dll+0x8b70de]
V  [jvm.dll+0x8b77c3]
V  [jvm.dll+0x284346]
V  [jvm.dll+0xc1277]
V  [jvm.dll+0x6d82e9]
V  [jvm.dll+0x1334a6]
V  [jvm.dll+0x3f857e]
V  [jvm.dll+0x85f59d]
V  [jvm.dll+0x6d626d]
C  [ucrtbase.dll+0x37b0]
C  [KERNEL32.DLL+0x2e8d7]
C  [ntdll.dll+0x8c3fc]


---------------  P R O C E S S  ---------------

Threads class SMR info:
_java_thread_list=0x00000139075c4970, length=59, elements={
0x0000013923d23220, 0x000001392616de10, 0x000001392602b000, 0x0000013926032710,
0x0000013926033650, 0x0000013926038480, 0x000001392603e3e0, 0x00000139260431c0,
0x0000013926047f50, 0x000001397f4d9fb0, 0x000001397f661380, 0x000001397ff04860,
0x000001397fcd5340, 0x00000139041aefd0, 0x00000139041a9a20, 0x00000139045cb310,
0x0000013904647840, 0x0000013904288420, 0x000001390462cf60, 0x000001390462d5f0,
0x000001390462c240, 0x000001390462bbb0, 0x000001390462a800, 0x0000013906e9b370,
0x0000013906e992a0, 0x0000013906e9c090, 0x0000013906e9ace0, 0x0000013906e99fc0,
0x0000013906e9c720, 0x0000013906e9ba00, 0x0000013906e99930, 0x0000013906e9cdb0,
0x0000013906e9d440, 0x0000013906e9dad0, 0x0000013906ea08c0, 0x0000013906ea0230,
0x0000013906e9e160, 0x0000013906e9e7f0, 0x0000013906e9ee80, 0x0000013906e9f510,
0x00000139109eb5f0, 0x00000139109e9bb0, 0x00000139109ea240, 0x00000139109ea8d0,
0x00000139109ec310, 0x00000139109e8e90, 0x0000013905d46410, 0x0000013905d43620,
0x0000013905d42f90, 0x0000013905d45d80, 0x0000013905d477c0, 0x0000013905d47130,
0x0000013905d44340, 0x0000013905d48b70, 0x0000013905d47e50, 0x0000013905d484e0,
0x0000013905d456f0, 0x0000013905d49890, 0x000001391039e220
}

Java Threads: ( => current thread )
  0x0000013923d23220 JavaThread "main"                              [_thread_blocked, id=3036, stack(0x000000065f300000,0x000000065f400000) (1024K)]
  0x000001392616de10 JavaThread "Reference Handler"          daemon [_thread_blocked, id=23460, stack(0x000000065f700000,0x000000065f800000) (1024K)]
  0x000001392602b000 JavaThread "Finalizer"                  daemon [_thread_blocked, id=16596, stack(0x000000065f800000,0x000000065f900000) (1024K)]
  0x0000013926032710 JavaThread "Signal Dispatcher"          daemon [_thread_blocked, id=18064, stack(0x000000065f900000,0x000000065fa00000) (1024K)]
=>0x0000013926033650 JavaThread "Attach Listener"            daemon [_thread_in_vm, id=17240, stack(0x000000065fa00000,0x000000065fb00000) (1024K)]
  0x0000013926038480 JavaThread "Service Thread"             daemon [_thread_blocked, id=9556, stack(0x000000065fb00000,0x000000065fc00000) (1024K)]
  0x000001392603e3e0 JavaThread "Monitor Deflation Thread"   daemon [_thread_blocked, id=2132, stack(0x000000065fc00000,0x000000065fd00000) (1024K)]
  0x00000139260431c0 JavaThread "C2 CompilerThread0"         daemon [_thread_blocked, id=21032, stack(0x000000065fd00000,0x000000065fe00000) (1024K)]
  0x0000013926047f50 JavaThread "C1 CompilerThread0"         daemon [_thread_blocked, id=14312, stack(0x000000065fe00000,0x000000065ff00000) (1024K)]
  0x000001397f4d9fb0 JavaThread "Common-Cleaner"             daemon [_thread_blocked, id=6108, stack(0x000000065ff00000,0x0000000660000000) (1024K)]
  0x000001397f661380 JavaThread "Notification Thread"        daemon [_thread_blocked, id=21844, stack(0x0000000660100000,0x0000000660200000) (1024K)]
  0x000001397ff04860 JavaThread "Active Thread: Equinox Container: 243714d3-0cce-422f-9dbd-a8e005728d0f"        [_thread_blocked, id=20196, stack(0x0000000660900000,0x0000000660a00000) (1024K)]
  0x000001397fcd5340 JavaThread "Refresh Thread: Equinox Container: 243714d3-0cce-422f-9dbd-a8e005728d0f" daemon [_thread_blocked, id=23072, stack(0x0000000660b00000,0x0000000660c00000) (1024K)]
  0x00000139041aefd0 JavaThread "Framework Event Dispatcher: Equinox Container: 243714d3-0cce-422f-9dbd-a8e005728d0f" daemon [_thread_blocked, id=13044, stack(0x0000000660c00000,0x0000000660d00000) (1024K)]
  0x00000139041a9a20 JavaThread "Start Level: Equinox Container: 243714d3-0cce-422f-9dbd-a8e005728d0f" daemon [_thread_blocked, id=3224, stack(0x0000000660d00000,0x0000000660e00000) (1024K)]
  0x00000139045cb310 JavaThread "Bundle File Closer"         daemon [_thread_blocked, id=11668, stack(0x0000000660e00000,0x0000000660f00000) (1024K)]
  0x0000013904647840 JavaThread "SCR Component Actor"        daemon [_thread_blocked, id=16396, stack(0x0000000660000000,0x0000000660100000) (1024K)]
  0x0000013904288420 JavaThread "Worker-JM"                         [_thread_blocked, id=7080, stack(0x0000000661000000,0x0000000661100000) (1024K)]
  0x000001390462cf60 JavaThread "JNA Cleaner"                daemon [_thread_blocked, id=21000, stack(0x0000000660200000,0x0000000660300000) (1024K)]
  0x000001390462d5f0 JavaThread "Worker-2"                          [_thread_blocked, id=13348, stack(0x0000000661300000,0x0000000661400000) (1024K)]
  0x000001390462c240 JavaThread "Java indexing"              daemon [_thread_blocked, id=11580, stack(0x0000000661500000,0x0000000661600000) (1024K)]
  0x000001390462bbb0 JavaThread "Worker-3"                          [_thread_blocked, id=17716, stack(0x0000000661600000,0x0000000661700000) (1024K)]
  0x000001390462a800 JavaThread "Thread-1"                   daemon [_thread_in_native, id=14376, stack(0x0000000661900000,0x0000000661a00000) (1024K)]
  0x0000013906e9b370 JavaThread "Thread-2"                   daemon [_thread_in_native, id=8560, stack(0x0000000661a00000,0x0000000661b00000) (1024K)]
  0x0000013906e992a0 JavaThread "Thread-3"                   daemon [_thread_in_native, id=22392, stack(0x0000000661b00000,0x0000000661c00000) (1024K)]
  0x0000013906e9c090 JavaThread "Thread-4"                   daemon [_thread_in_native, id=12352, stack(0x0000000661c00000,0x0000000661d00000) (1024K)]
  0x0000013906e9ace0 JavaThread "Thread-5"                   daemon [_thread_in_native, id=14024, stack(0x0000000661d00000,0x0000000661e00000) (1024K)]
  0x0000013906e99fc0 JavaThread "Thread-6"                   daemon [_thread_in_native, id=9572, stack(0x0000000661e00000,0x0000000661f00000) (1024K)]
  0x0000013906e9c720 JavaThread "Thread-7"                   daemon [_thread_in_native, id=17272, stack(0x0000000661f00000,0x0000000662000000) (1024K)]
  0x0000013906e9ba00 JavaThread "Thread-8"                   daemon [_thread_in_native, id=6544, stack(0x0000000662000000,0x0000000662100000) (1024K)]
  0x0000013906e99930 JavaThread "Thread-9"                   daemon [_thread_in_native, id=1808, stack(0x0000000662100000,0x0000000662200000) (1024K)]
  0x0000013906e9cdb0 JavaThread "pool-2-thread-1"                   [_thread_blocked, id=4060, stack(0x0000000662200000,0x0000000662300000) (1024K)]
  0x0000013906e9d440 JavaThread "WorkspaceEventsHandler"            [_thread_blocked, id=22920, stack(0x0000000662300000,0x0000000662400000) (1024K)]
  0x0000013906e9dad0 JavaThread "pool-1-thread-1"                   [_thread_blocked, id=21904, stack(0x0000000662400000,0x0000000662500000) (1024K)]
  0x0000013906ea08c0 JavaThread "LocalFile Deleter"          daemon [_thread_blocked, id=22924, stack(0x0000000662700000,0x0000000662800000) (1024K)]
  0x0000013906ea0230 JavaThread "LocalFile Deleter"          daemon [_thread_blocked, id=804, stack(0x0000000662800000,0x0000000662900000) (1024K)]
  0x0000013906e9e160 JavaThread "LocalFile Deleter"          daemon [_thread_blocked, id=1800, stack(0x0000000662900000,0x0000000662a00000) (1024K)]
  0x0000013906e9e7f0 JavaThread "LocalFile Deleter"          daemon [_thread_blocked, id=12364, stack(0x0000000662a00000,0x0000000662b00000) (1024K)]
  0x0000013906e9ee80 JavaThread "LocalFile Deleter"          daemon [_thread_blocked, id=2380, stack(0x0000000662b00000,0x0000000662c00000) (1024K)]
  0x0000013906e9f510 JavaThread "LocalFile Deleter"          daemon [_thread_blocked, id=16036, stack(0x0000000662c00000,0x0000000662d00000) (1024K)]
  0x00000139109eb5f0 JavaThread "Compiler Source File Reader" daemon [_thread_blocked, id=15084, stack(0x0000000662d00000,0x0000000662e00000) (1024K)]
  0x00000139109e9bb0 JavaThread "Compiler Source File Reader" daemon [_thread_blocked, id=3056, stack(0x0000000662e00000,0x0000000662f00000) (1024K)]
  0x00000139109ea240 JavaThread "Compiler Source File Reader" daemon [_thread_blocked, id=22200, stack(0x0000000662f00000,0x0000000663000000) (1024K)]
  0x00000139109ea8d0 JavaThread "Compiler Source File Reader" daemon [_thread_blocked, id=8496, stack(0x0000000663000000,0x0000000663100000) (1024K)]
  0x00000139109ec310 JavaThread "Compiler Source File Reader" daemon [_thread_blocked, id=20080, stack(0x0000000663100000,0x0000000663200000) (1024K)]
  0x00000139109e8e90 JavaThread "Compiler Source File Reader" daemon [_thread_blocked, id=18520, stack(0x0000000663200000,0x0000000663300000) (1024K)]
  0x0000013905d46410 JavaThread "Compiler Class File Writer" daemon [_thread_blocked, id=16516, stack(0x0000000663500000,0x0000000663600000) (1024K)]
  0x0000013905d43620 JavaThread "Compiler Class File Writer" daemon [_thread_blocked, id=10568, stack(0x0000000663600000,0x0000000663700000) (1024K)]
  0x0000013905d42f90 JavaThread "Compiler Class File Writer" daemon [_thread_blocked, id=9728, stack(0x0000000663700000,0x0000000663800000) (1024K)]
  0x0000013905d45d80 JavaThread "Compiler Class File Writer" daemon [_thread_blocked, id=11880, stack(0x0000000663800000,0x0000000663900000) (1024K)]
  0x0000013905d477c0 JavaThread "Compiler Class File Writer" daemon [_thread_blocked, id=15952, stack(0x0000000663900000,0x0000000663a00000) (1024K)]
  0x0000013905d47130 JavaThread "Compiler Class File Writer" daemon [_thread_blocked, id=19544, stack(0x0000000663a00000,0x0000000663b00000) (1024K)]
  0x0000013905d44340 JavaThread "ForkJoinPool.commonPool-worker-1" daemon [_thread_blocked, id=17068, stack(0x0000000663b00000,0x0000000663c00000) (1024K)]
  0x0000013905d48b70 JavaThread "ForkJoinPool.commonPool-worker-2" daemon [_thread_blocked, id=5684, stack(0x0000000663c00000,0x0000000663d00000) (1024K)]
  0x0000013905d47e50 JavaThread "ForkJoinPool.commonPool-worker-3" daemon [_thread_blocked, id=19208, stack(0x0000000663d00000,0x0000000663e00000) (1024K)]
  0x0000013905d484e0 JavaThread "ForkJoinPool.commonPool-worker-4" daemon [_thread_blocked, id=19112, stack(0x0000000663e00000,0x0000000663f00000) (1024K)]
  0x0000013905d456f0 JavaThread "ForkJoinPool.commonPool-worker-5" daemon [_thread_blocked, id=14208, stack(0x0000000663f00000,0x0000000664000000) (1024K)]
  0x0000013905d49890 JavaThread "ForkJoinPool.commonPool-worker-6" daemon [_thread_blocked, id=19144, stack(0x0000000664000000,0x0000000664100000) (1024K)]
  0x000001391039e220 JavaThread "Cleaner-0"                  daemon [_thread_blocked, id=17932, stack(0x0000000664200000,0x0000000664300000) (1024K)]
Total: 59

Other Threads:
  0x00000139260235f0 VMThread "VM Thread"                           [id=8276, stack(0x000000065f600000,0x000000065f700000) (1024K)]
  0x00000139261246b0 WatcherThread "VM Periodic Task Thread"        [id=17508, stack(0x000000065f500000,0x000000065f600000) (1024K)]
  0x00000139260cf4e0 WorkerThread "GC Thread#0"                     [id=10932, stack(0x000000065f400000,0x000000065f500000) (1024K)]
  0x000001397fd89ac0 WorkerThread "GC Thread#1"                     [id=10612, stack(0x0000000660300000,0x0000000660400000) (1024K)]
  0x000001397f641420 WorkerThread "GC Thread#2"                     [id=20364, stack(0x0000000660400000,0x0000000660500000) (1024K)]
  0x000001397f639470 WorkerThread "GC Thread#3"                     [id=17284, stack(0x0000000660500000,0x0000000660600000) (1024K)]
  0x000001397f639820 WorkerThread "GC Thread#4"                     [id=16264, stack(0x0000000660600000,0x0000000660700000) (1024K)]
  0x000001397f639bd0 WorkerThread "GC Thread#5"                     [id=5052, stack(0x0000000660700000,0x0000000660800000) (1024K)]
  0x000001397fcf2440 WorkerThread "GC Thread#6"                     [id=4580, stack(0x0000000660800000,0x0000000660900000) (1024K)]
  0x000001397fbf21d0 WorkerThread "GC Thread#7"                     [id=12548, stack(0x0000000660a00000,0x0000000660b00000) (1024K)]
Total: 10

Threads with active compile tasks:
Total: 0

VM state: not at safepoint (normal execution)

VM Mutex/Monitor currently owned by a thread: None

Heap address: 0x0000000080000000, size: 2048 MB, Compressed Oops mode: 32-bit

CDS archive(s) mapped at: [0x000001393d000000-0x000001393dba0000-0x000001393dba0000), size 12189696, SharedBaseAddress: 0x000001393d000000, ArchiveRelocationMode: 1.
Compressed class space mapped at: 0x000001393e000000-0x000001397e000000, reserved size: 1073741824
Narrow klass base: 0x000001393d000000, Narrow klass shift: 0, Narrow klass range: 0x100000000

GC Precious Log:
 CardTable entry size: 512
 CPUs: 8 total, 8 available
 Memory: 16078M
 Large Page Support: Disabled
 NUMA Support: Disabled
 Compressed Oops: Enabled (32-bit)
 Alignments: Space 512K, Generation 512K, Heap 2M
 Heap Min Capacity: 100M
 Heap Initial Capacity: 100M
 Heap Max Capacity: 2G
 Pre-touch: Disabled
 Parallel Workers: 8

Heap:
 PSYoungGen      total 3584K, used 1347K [0x00000000d5580000, 0x00000000d5a80000, 0x0000000100000000)
  eden space 3072K, 27% used [0x00000000d5580000,0x00000000d5652008,0x00000000d5880000)
  from space 512K, 99% used [0x00000000d5980000,0x00000000d59fee50,0x00000000d5a00000)
  to   space 1024K, 0% used [0x00000000d5880000,0x00000000d5880000,0x00000000d5980000)
 ParOldGen       total 377856K, used 179041K [0x0000000080000000, 0x0000000097100000, 0x00000000d5580000)
  object space 377856K, 47% used [0x0000000080000000,0x000000008aed84a8,0x0000000097100000)
 Metaspace       used 81048K, committed 82880K, reserved 1179648K
  class space    used 8406K, committed 9216K, reserved 1048576K

Card table byte_map: [0x0000013925a50000,0x0000013925e60000] _byte_map_base: 0x0000013925650000

Marking Bits: (ParMarkBitMap*) 0x00007ff847e33450
 Begin Bits: [0x0000013938560000, 0x000001393a560000)
 End Bits:   [0x000001393a560000, 0x000001393c560000)

Polling page: 0x0000013923ed0000

Metaspace:

Usage:
  Non-class:     70.94 MB used.
      Class:      8.21 MB used.
       Both:     79.15 MB used.

Virtual space:
  Non-class space:      128.00 MB reserved,      71.94 MB ( 56%) committed,  2 nodes.
      Class space:        1.00 GB reserved,       9.00 MB ( <1%) committed,  1 nodes.
             Both:        1.12 GB reserved,      80.94 MB (  7%) committed. 

Chunk freelists:
   Non-Class:  8.09 MB
       Class:  7.01 MB
        Both:  15.10 MB

MaxMetaspaceSize: unlimited
CompressedClassSpaceSize: 1.00 GB
Initial GC threshold: 21.00 MB
Current GC threshold: 132.62 MB
CDS: on
 - commit_granule_bytes: 65536.
 - commit_granule_words: 8192.
 - virtual_space_node_default_size: 8388608.
 - enlarge_chunks_in_place: 1.
 - use_allocation_guard: 0.


Internal statistics:

num_allocs_failed_limit: 9.
num_arena_births: 1624.
num_arena_deaths: 22.
num_vsnodes_births: 3.
num_vsnodes_deaths: 0.
num_space_committed: 1295.
num_space_uncommitted: 0.
num_chunks_returned_to_freelist: 35.
num_chunks_taken_from_freelist: 5666.
num_chunk_merges: 18.
num_chunk_splits: 3457.
num_chunks_enlarged: 1908.
num_inconsistent_stats: 0.

CodeHeap 'non-profiled nmethods': size=120000Kb used=15004Kb max_used=15004Kb free=104995Kb
 bounds [0x0000013930d80000, 0x0000013931c30000, 0x00000139382b0000]
CodeHeap 'profiled nmethods': size=120000Kb used=38247Kb max_used=38247Kb free=81752Kb
 bounds [0x00000139292b0000, 0x000001392b810000, 0x00000139307e0000]
CodeHeap 'non-nmethods': size=5760Kb used=1496Kb max_used=1633Kb free=4263Kb
 bounds [0x00000139307e0000, 0x0000013930a50000, 0x0000013930d80000]
CodeCache: size=245760Kb, used=54747Kb, max_used=54884Kb, free=191010Kb
 total_blobs=16900, nmethods=16098, adapters=704, full_count=0
Compilation: enabled, stopped_count=0, restarted_count=0

Compilation events (20 events):
Event: 139.425 Thread 0x0000013926047f50 nmethod 17762 0x0000013931c1b210 code [0x0000013931c1b3a0, 0x0000013931c1b470]
Event: 139.425 Thread 0x0000013926047f50 17772       3       org.eclipse.jdt.internal.core.util.ClassFileStruct::utf8At (161 bytes)
Event: 139.426 Thread 0x0000013926047f50 nmethod 17772 0x000001392b80a810 code [0x000001392b80a9e0, 0x000001392b80af38]
Event: 139.426 Thread 0x000001391046ddb0 nmethod 17747 0x0000013931c1b510 code [0x0000013931c1b760, 0x0000013931c1c0f8]
Event: 139.427 Thread 0x000001391046ddb0 17771       4       org.eclipse.jdt.internal.core.util.ClassFileStruct::u2At (29 bytes)
Event: 139.427 Thread 0x000001391046ddb0 nmethod 17771 0x0000013931c1c810 code [0x0000013931c1c9a0, 0x0000013931c1caa8]
Event: 139.427 Thread 0x000001391046ddb0 17708       4       java.util.LinkedHashSet::<init> (10 bytes)
Event: 139.428 Thread 0x000001391046ddb0 nmethod 17708 0x0000013931c1cb90 code [0x0000013931c1cd20, 0x0000013931c1ce78]
Event: 139.428 Thread 0x000001391046ddb0 17701   !   4       org.eclipse.jdt.internal.core.SearchableEnvironment::$SWITCH_TABLE$org$eclipse$jdt$internal$compiler$env$IModuleAwareNameEnvironment$LookupStrategy (74 bytes)
Event: 139.429 Thread 0x000001391046ddb0 nmethod 17701 0x0000013931c1cf90 code [0x0000013931c1d120, 0x0000013931c1d1b8]
Event: 139.429 Thread 0x000001391046ddb0 17702       4       org.eclipse.jdt.internal.compiler.classfmt.NonNullDefaultAwareTypeAnnotationWalker::toField (25 bytes)
Event: 139.430 Thread 0x000001391046ddb0 nmethod 17702 0x0000013931c1d290 code [0x0000013931c1d420, 0x0000013931c1d6c0]
Event: 139.432 Thread 0x000001391046a060 nmethod 17748 0x0000013931c1d810 code [0x0000013931c1da60, 0x0000013931c1e448]
Event: 139.477 Thread 0x00000139260431c0 nmethod 17684 0x0000013931c1eb90 code [0x0000013931c1f260, 0x0000013931c23078]
Event: 150.760 Thread 0x0000013926047f50 17773   !   3       java.util.concurrent.locks.AbstractQueuedSynchronizer$ConditionObject::newConditionNode (78 bytes)
Event: 150.761 Thread 0x0000013926047f50 nmethod 17773 0x000001392b80b190 code [0x000001392b80b400, 0x000001392b80bbe0]
Event: 150.761 Thread 0x0000013926047f50 17774       3       java.util.concurrent.locks.AbstractQueuedSynchronizer$ConditionNode::<init> (5 bytes)
Event: 150.761 Thread 0x0000013926047f50 nmethod 17774 0x000001392b80be90 code [0x000001392b80c040, 0x000001392b80c208]
Event: 172.728 Thread 0x0000013926047f50 17775  s!   3       org.eclipse.core.internal.jobs.WorkerPool::sleep (124 bytes)
Event: 172.728 Thread 0x0000013926047f50 nmethod 17775 0x000001392b80c310 code [0x000001392b80c520, 0x000001392b80ca38]

GC Heap History (20 events):
Event: 139.329 GC heap before
{Heap before GC invocations=477 (full 4):
 PSYoungGen      total 3072K, used 3040K [0x00000000d5580000, 0x00000000d5980000, 0x0000000100000000)
  eden space 2560K, 100% used [0x00000000d5580000,0x00000000d5800000,0x00000000d5800000)
  from space 512K, 93% used [0x00000000d5900000,0x00000000d5978000,0x00000000d5980000)
  to   space 512K, 0% used [0x00000000d5800000,0x00000000d5800000,0x00000000d5880000)
 ParOldGen       total 377856K, used 176126K [0x0000000080000000, 0x0000000097100000, 0x00000000d5580000)
  object space 377856K, 46% used [0x0000000080000000,0x000000008abff978,0x0000000097100000)
 Metaspace       used 80830K, committed 82688K, reserved 1179648K
  class space    used 8376K, committed 9216K, reserved 1048576K
}
Event: 139.330 GC heap after
{Heap after GC invocations=477 (full 4):
 PSYoungGen      total 3072K, used 192K [0x00000000d5580000, 0x00000000d5980000, 0x0000000100000000)
  eden space 2560K, 0% used [0x00000000d5580000,0x00000000d5580000,0x00000000d5800000)
  from space 512K, 37% used [0x00000000d5800000,0x00000000d5830000,0x00000000d5880000)
  to   space 512K, 0% used [0x00000000d5900000,0x00000000d5900000,0x00000000d5980000)
 ParOldGen       total 377856K, used 176528K [0x0000000080000000, 0x0000000097100000, 0x00000000d5580000)
  object space 377856K, 46% used [0x0000000080000000,0x000000008ac64278,0x0000000097100000)
 Metaspace       used 80830K, committed 82688K, reserved 1179648K
  class space    used 8376K, committed 9216K, reserved 1048576K
}
Event: 139.333 GC heap before
{Heap before GC invocations=478 (full 4):
 PSYoungGen      total 3072K, used 2752K [0x00000000d5580000, 0x00000000d5980000, 0x0000000100000000)
  eden space 2560K, 100% used [0x00000000d5580000,0x00000000d5800000,0x00000000d5800000)
  from space 512K, 37% used [0x00000000d5800000,0x00000000d5830000,0x00000000d5880000)
  to   space 512K, 0% used [0x00000000d5900000,0x00000000d5900000,0x00000000d5980000)
 ParOldGen       total 377856K, used 176528K [0x0000000080000000, 0x0000000097100000, 0x00000000d5580000)
  object space 377856K, 46% used [0x0000000080000000,0x000000008ac64278,0x0000000097100000)
 Metaspace       used 80830K, committed 82688K, reserved 1179648K
  class space    used 8376K, committed 9216K, reserved 1048576K
}
Event: 139.333 GC heap after
{Heap after GC invocations=478 (full 4):
 PSYoungGen      total 3072K, used 352K [0x00000000d5580000, 0x00000000d5980000, 0x0000000100000000)
  eden space 2560K, 0% used [0x00000000d5580000,0x00000000d5580000,0x00000000d5800000)
  from space 512K, 68% used [0x00000000d5900000,0x00000000d5958000,0x00000000d5980000)
  to   space 512K, 0% used [0x00000000d5800000,0x00000000d5800000,0x00000000d5880000)
 ParOldGen       total 377856K, used 176648K [0x0000000080000000, 0x0000000097100000, 0x00000000d5580000)
  object space 377856K, 46% used [0x0000000080000000,0x000000008ac82278,0x0000000097100000)
 Metaspace       used 80830K, committed 82688K, reserved 1179648K
  class space    used 8376K, committed 9216K, reserved 1048576K
}
Event: 139.341 GC heap before
{Heap before GC invocations=479 (full 4):
 PSYoungGen      total 3072K, used 2817K [0x00000000d5580000, 0x00000000d5980000, 0x0000000100000000)
  eden space 2560K, 96% used [0x00000000d5580000,0x00000000d57e84e0,0x00000000d5800000)
  from space 512K, 68% used [0x00000000d5900000,0x00000000d5958000,0x00000000d5980000)
  to   space 512K, 0% used [0x00000000d5800000,0x00000000d5800000,0x00000000d5880000)
 ParOldGen       total 377856K, used 176648K [0x0000000080000000, 0x0000000097100000, 0x00000000d5580000)
  object space 377856K, 46% used [0x0000000080000000,0x000000008ac82278,0x0000000097100000)
 Metaspace       used 80830K, committed 82688K, reserved 1179648K
  class space    used 8376K, committed 9216K, reserved 1048576K
}
Event: 139.342 GC heap after
{Heap after GC invocations=479 (full 4):
 PSYoungGen      total 3072K, used 506K [0x00000000d5580000, 0x00000000d5a00000, 0x0000000100000000)
  eden space 2560K, 0% used [0x00000000d5580000,0x00000000d5580000,0x00000000d5800000)
  from space 512K, 98% used [0x00000000d5800000,0x00000000d587e900,0x00000000d5880000)
  to   space 1024K, 0% used [0x00000000d5900000,0x00000000d5900000,0x00000000d5a00000)
 ParOldGen       total 377856K, used 176856K [0x0000000080000000, 0x0000000097100000, 0x00000000d5580000)
  object space 377856K, 46% used [0x0000000080000000,0x000000008acb6278,0x0000000097100000)
 Metaspace       used 80830K, committed 82688K, reserved 1179648K
  class space    used 8376K, committed 9216K, reserved 1048576K
}
Event: 139.346 GC heap before
{Heap before GC invocations=480 (full 4):
 PSYoungGen      total 3072K, used 3066K [0x00000000d5580000, 0x00000000d5a00000, 0x0000000100000000)
  eden space 2560K, 100% used [0x00000000d5580000,0x00000000d5800000,0x00000000d5800000)
  from space 512K, 98% used [0x00000000d5800000,0x00000000d587e900,0x00000000d5880000)
  to   space 1024K, 0% used [0x00000000d5900000,0x00000000d5900000,0x00000000d5a00000)
 ParOldGen       total 377856K, used 176856K [0x0000000080000000, 0x0000000097100000, 0x00000000d5580000)
  object space 377856K, 46% used [0x0000000080000000,0x000000008acb6278,0x0000000097100000)
 Metaspace       used 80830K, committed 82688K, reserved 1179648K
  class space    used 8376K, committed 9216K, reserved 1048576K
}
Event: 139.346 GC heap after
{Heap after GC invocations=480 (full 4):
 PSYoungGen      total 3072K, used 448K [0x00000000d5580000, 0x00000000d5980000, 0x0000000100000000)
  eden space 2560K, 0% used [0x00000000d5580000,0x00000000d5580000,0x00000000d5800000)
  from space 512K, 87% used [0x00000000d5900000,0x00000000d5970000,0x00000000d5980000)
  to   space 512K, 0% used [0x00000000d5800000,0x00000000d5800000,0x00000000d5880000)
 ParOldGen       total 377856K, used 177213K [0x0000000080000000, 0x0000000097100000, 0x00000000d5580000)
  object space 377856K, 46% used [0x0000000080000000,0x000000008ad0f478,0x0000000097100000)
 Metaspace       used 80830K, committed 82688K, reserved 1179648K
  class space    used 8376K, committed 9216K, reserved 1048576K
}
Event: 139.348 GC heap before
{Heap before GC invocations=481 (full 4):
 PSYoungGen      total 3072K, used 3008K [0x00000000d5580000, 0x00000000d5980000, 0x0000000100000000)
  eden space 2560K, 100% used [0x00000000d5580000,0x00000000d5800000,0x00000000d5800000)
  from space 512K, 87% used [0x00000000d5900000,0x00000000d5970000,0x00000000d5980000)
  to   space 512K, 0% used [0x00000000d5800000,0x00000000d5800000,0x00000000d5880000)
 ParOldGen       total 377856K, used 177213K [0x0000000080000000, 0x0000000097100000, 0x00000000d5580000)
  object space 377856K, 46% used [0x0000000080000000,0x000000008ad0f478,0x0000000097100000)
 Metaspace       used 80830K, committed 82688K, reserved 1179648K
  class space    used 8376K, committed 9216K, reserved 1048576K
}
Event: 139.349 GC heap after
{Heap after GC invocations=481 (full 4):
 PSYoungGen      total 3072K, used 256K [0x00000000d5580000, 0x00000000d5980000, 0x0000000100000000)
  eden space 2560K, 0% used [0x00000000d5580000,0x00000000d5580000,0x00000000d5800000)
  from space 512K, 50% used [0x00000000d5800000,0x00000000d5840000,0x00000000d5880000)
  to   space 512K, 0% used [0x00000000d5900000,0x00000000d5900000,0x00000000d5980000)
 ParOldGen       total 377856K, used 177621K [0x0000000080000000, 0x0000000097100000, 0x00000000d5580000)
  object space 377856K, 47% used [0x0000000080000000,0x000000008ad75478,0x0000000097100000)
 Metaspace       used 80830K, committed 82688K, reserved 1179648K
  class space    used 8376K, committed 9216K, reserved 1048576K
}
Event: 139.352 GC heap before
{Heap before GC invocations=482 (full 4):
 PSYoungGen      total 3072K, used 2816K [0x00000000d5580000, 0x00000000d5980000, 0x0000000100000000)
  eden space 2560K, 100% used [0x00000000d5580000,0x00000000d5800000,0x00000000d5800000)
  from space 512K, 50% used [0x00000000d5800000,0x00000000d5840000,0x00000000d5880000)
  to   space 512K, 0% used [0x00000000d5900000,0x00000000d5900000,0x00000000d5980000)
 ParOldGen       total 377856K, used 177621K [0x0000000080000000, 0x0000000097100000, 0x00000000d5580000)
  object space 377856K, 47% used [0x0000000080000000,0x000000008ad75478,0x0000000097100000)
 Metaspace       used 80830K, committed 82688K, reserved 1179648K
  class space    used 8376K, committed 9216K, reserved 1048576K
}
Event: 139.352 GC heap after
{Heap after GC invocations=482 (full 4):
 PSYoungGen      total 3584K, used 352K [0x00000000d5580000, 0x00000000d5980000, 0x0000000100000000)
  eden space 3072K, 0% used [0x00000000d5580000,0x00000000d5580000,0x00000000d5880000)
  from space 512K, 68% used [0x00000000d5900000,0x00000000d5958000,0x00000000d5980000)
  to   space 512K, 0% used [0x00000000d5880000,0x00000000d5880000,0x00000000d5900000)
 ParOldGen       total 377856K, used 177773K [0x0000000080000000, 0x0000000097100000, 0x00000000d5580000)
  object space 377856K, 47% used [0x0000000080000000,0x000000008ad9b478,0x0000000097100000)
 Metaspace       used 80830K, committed 82688K, reserved 1179648K
  class space    used 8376K, committed 9216K, reserved 1048576K
}
Event: 139.364 GC heap before
{Heap before GC invocations=483 (full 4):
 PSYoungGen      total 3584K, used 3374K [0x00000000d5580000, 0x00000000d5980000, 0x0000000100000000)
  eden space 3072K, 98% used [0x00000000d5580000,0x00000000d5873868,0x00000000d5880000)
  from space 512K, 68% used [0x00000000d5900000,0x00000000d5958000,0x00000000d5980000)
  to   space 512K, 0% used [0x00000000d5880000,0x00000000d5880000,0x00000000d5900000)
 ParOldGen       total 377856K, used 177773K [0x0000000080000000, 0x0000000097100000, 0x00000000d5580000)
  object space 377856K, 47% used [0x0000000080000000,0x000000008ad9b478,0x0000000097100000)
 Metaspace       used 80839K, committed 82688K, reserved 1179648K
  class space    used 8376K, committed 9216K, reserved 1048576K
}
Event: 139.365 GC heap after
{Heap after GC invocations=483 (full 4):
 PSYoungGen      total 3584K, used 501K [0x00000000d5580000, 0x00000000d5a80000, 0x0000000100000000)
  eden space 3072K, 0% used [0x00000000d5580000,0x00000000d5580000,0x00000000d5880000)
  from space 512K, 98% used [0x00000000d5880000,0x00000000d58fd770,0x00000000d5900000)
  to   space 1024K, 0% used [0x00000000d5980000,0x00000000d5980000,0x00000000d5a80000)
 ParOldGen       total 377856K, used 178140K [0x0000000080000000, 0x0000000097100000, 0x00000000d5580000)
  object space 377856K, 47% used [0x0000000080000000,0x000000008adf72a8,0x0000000097100000)
 Metaspace       used 80839K, committed 82688K, reserved 1179648K
  class space    used 8376K, committed 9216K, reserved 1048576K
}
Event: 139.368 GC heap before
{Heap before GC invocations=484 (full 4):
 PSYoungGen      total 3584K, used 3573K [0x00000000d5580000, 0x00000000d5a80000, 0x0000000100000000)
  eden space 3072K, 100% used [0x00000000d5580000,0x00000000d5880000,0x00000000d5880000)
  from space 512K, 98% used [0x00000000d5880000,0x00000000d58fd770,0x00000000d5900000)
  to   space 1024K, 0% used [0x00000000d5980000,0x00000000d5980000,0x00000000d5a80000)
 ParOldGen       total 377856K, used 178140K [0x0000000080000000, 0x0000000097100000, 0x00000000d5580000)
  object space 377856K, 47% used [0x0000000080000000,0x000000008adf72a8,0x0000000097100000)
 Metaspace       used 80839K, committed 82688K, reserved 1179648K
  class space    used 8376K, committed 9216K, reserved 1048576K
}
Event: 139.370 GC heap after
{Heap after GC invocations=484 (full 4):
 PSYoungGen      total 4096K, used 384K [0x00000000d5580000, 0x00000000d5b80000, 0x0000000100000000)
  eden space 3072K, 0% used [0x00000000d5580000,0x00000000d5580000,0x00000000d5880000)
  from space 1024K, 37% used [0x00000000d5980000,0x00000000d59e0000,0x00000000d5a80000)
  to   space 1024K, 0% used [0x00000000d5880000,0x00000000d5880000,0x00000000d5980000)
 ParOldGen       total 377856K, used 178521K [0x0000000080000000, 0x0000000097100000, 0x00000000d5580000)
  object space 377856K, 47% used [0x0000000080000000,0x000000008ae564a8,0x0000000097100000)
 Metaspace       used 80839K, committed 82688K, reserved 1179648K
  class space    used 8376K, committed 9216K, reserved 1048576K
}
Event: 139.375 GC heap before
{Heap before GC invocations=485 (full 4):
 PSYoungGen      total 4096K, used 3456K [0x00000000d5580000, 0x00000000d5b80000, 0x0000000100000000)
  eden space 3072K, 100% used [0x00000000d5580000,0x00000000d5880000,0x00000000d5880000)
  from space 1024K, 37% used [0x00000000d5980000,0x00000000d59e0000,0x00000000d5a80000)
  to   space 1024K, 0% used [0x00000000d5880000,0x00000000d5880000,0x00000000d5980000)
 ParOldGen       total 377856K, used 178521K [0x0000000080000000, 0x0000000097100000, 0x00000000d5580000)
  object space 377856K, 47% used [0x0000000080000000,0x000000008ae564a8,0x0000000097100000)
 Metaspace       used 80839K, committed 82688K, reserved 1179648K
  class space    used 8376K, committed 9216K, reserved 1048576K
}
Event: 139.376 GC heap after
{Heap after GC invocations=485 (full 4):
 PSYoungGen      total 4096K, used 320K [0x00000000d5580000, 0x00000000d5a00000, 0x0000000100000000)
  eden space 3072K, 0% used [0x00000000d5580000,0x00000000d5580000,0x00000000d5880000)
  from space 1024K, 31% used [0x00000000d5880000,0x00000000d58d0000,0x00000000d5980000)
  to   space 512K, 0% used [0x00000000d5980000,0x00000000d5980000,0x00000000d5a00000)
 ParOldGen       total 377856K, used 178825K [0x0000000080000000, 0x0000000097100000, 0x00000000d5580000)
  object space 377856K, 47% used [0x0000000080000000,0x000000008aea24a8,0x0000000097100000)
 Metaspace       used 80839K, committed 82688K, reserved 1179648K
  class space    used 8376K, committed 9216K, reserved 1048576K
}
Event: 139.415 GC heap before
{Heap before GC invocations=486 (full 4):
 PSYoungGen      total 4096K, used 3392K [0x00000000d5580000, 0x00000000d5a00000, 0x0000000100000000)
  eden space 3072K, 100% used [0x00000000d5580000,0x00000000d5880000,0x00000000d5880000)
  from space 1024K, 31% used [0x00000000d5880000,0x00000000d58d0000,0x00000000d5980000)
  to   space 512K, 0% used [0x00000000d5980000,0x00000000d5980000,0x00000000d5a00000)
 ParOldGen       total 377856K, used 178825K [0x0000000080000000, 0x0000000097100000, 0x00000000d5580000)
  object space 377856K, 47% used [0x0000000080000000,0x000000008aea24a8,0x0000000097100000)
 Metaspace       used 81020K, committed 82880K, reserved 1179648K
  class space    used 8402K, committed 9216K, reserved 1048576K
}
Event: 139.416 GC heap after
{Heap after GC invocations=486 (full 4):
 PSYoungGen      total 3584K, used 507K [0x00000000d5580000, 0x00000000d5a80000, 0x0000000100000000)
  eden space 3072K, 0% used [0x00000000d5580000,0x00000000d5580000,0x00000000d5880000)
  from space 512K, 99% used [0x00000000d5980000,0x00000000d59fee50,0x00000000d5a00000)
  to   space 1024K, 0% used [0x00000000d5880000,0x00000000d5880000,0x00000000d5980000)
 ParOldGen       total 377856K, used 179041K [0x0000000080000000, 0x0000000097100000, 0x00000000d5580000)
  object space 377856K, 47% used [0x0000000080000000,0x000000008aed84a8,0x0000000097100000)
 Metaspace       used 81020K, committed 82880K, reserved 1179648K
  class space    used 8402K, committed 9216K, reserved 1048576K
}

Dll operation events (10 events):
Event: 0.008 Loaded shared library c:\Users\laksh\.vscode\extensions\redhat.java-1.54.0-win32-x64\jre\21.0.10-win32-x86_64\bin\java.dll
Event: 0.058 Loaded shared library c:\Users\laksh\.vscode\extensions\redhat.java-1.54.0-win32-x64\jre\21.0.10-win32-x86_64\bin\zip.dll
Event: 0.069 Loaded shared library C:\Users\laksh\.vscode\extensions\redhat.java-1.54.0-win32-x64\jre\21.0.10-win32-x86_64\bin\instrument.dll
Event: 0.072 Loaded shared library C:\Users\laksh\.vscode\extensions\redhat.java-1.54.0-win32-x64\jre\21.0.10-win32-x86_64\bin\net.dll
Event: 0.073 Loaded shared library C:\Users\laksh\.vscode\extensions\redhat.java-1.54.0-win32-x64\jre\21.0.10-win32-x86_64\bin\nio.dll
Event: 0.075 Loaded shared library C:\Users\laksh\.vscode\extensions\redhat.java-1.54.0-win32-x64\jre\21.0.10-win32-x86_64\bin\zip.dll
Event: 0.085 Loaded shared library C:\Users\laksh\.vscode\extensions\redhat.java-1.54.0-win32-x64\jre\21.0.10-win32-x86_64\bin\jimage.dll
Event: 0.122 Loaded shared library c:\Users\laksh\.vscode\extensions\redhat.java-1.54.0-win32-x64\jre\21.0.10-win32-x86_64\bin\verify.dll
Event: 0.818 Loaded shared library C:\Users\laksh\AppData\Roaming\Code\User\globalStorage\redhat.java\1.54.0\config_win\org.eclipse.equinox.launcher\org.eclipse.equinox.launcher.win32.win32.x86_64_1.3.0.v20260203-2149\eclipse_11919.dll
Event: 3.649 Loaded shared library C:\Users\laksh\AppData\Local\Temp\jna-102736491\jna14875211896937196675.dll

Deoptimization events (20 events):
Event: 139.398 Thread 0x0000013905d44340 Uncommon trap: trap_request=0xffffff6e fr.pc=0x00000139317d84e8 relative=0x0000000000000fa8
Event: 139.398 Thread 0x0000013905d44340 Uncommon trap: reason=loop_limit_check action=maybe_recompile pc=0x00000139317d84e8 method=org.jsoup.parser.CharacterReader.rangeEquals([CIILjava/lang/String;)Z @ 18 c2
Event: 139.398 Thread 0x0000013905d44340 DEOPT PACKING pc=0x00000139317d84e8 sp=0x0000000663bfe560
Event: 139.398 Thread 0x0000013905d44340 DEOPT UNPACKING pc=0x0000013930836da2 sp=0x0000000663bfe4d8 mode 2
Event: 139.407 Thread 0x0000013905d44340 Uncommon trap: trap_request=0xffffffde fr.pc=0x0000013931092314 relative=0x0000000000000834
Event: 139.407 Thread 0x0000013905d44340 Uncommon trap: reason=class_check action=maybe_recompile pc=0x0000013931092314 method=java.lang.AbstractStringBuilder.append(Ljava/lang/CharSequence;II)Ljava/lang/AbstractStringBuilder; @ 10 c2
Event: 139.407 Thread 0x0000013905d44340 DEOPT PACKING pc=0x0000013931092314 sp=0x0000000663bfdc40
Event: 139.407 Thread 0x0000013905d44340 DEOPT UNPACKING pc=0x0000013930836da2 sp=0x0000000663bfdc08 mode 2
Event: 139.407 Thread 0x0000013905d44340 Uncommon trap: trap_request=0xffffffde fr.pc=0x0000013931092314 relative=0x0000000000000834
Event: 139.407 Thread 0x0000013905d44340 Uncommon trap: reason=class_check action=maybe_recompile pc=0x0000013931092314 method=java.lang.AbstractStringBuilder.append(Ljava/lang/CharSequence;II)Ljava/lang/AbstractStringBuilder; @ 10 c2
Event: 139.407 Thread 0x0000013905d44340 DEOPT PACKING pc=0x0000013931092314 sp=0x0000000663bfdc40
Event: 139.407 Thread 0x0000013905d44340 DEOPT UNPACKING pc=0x0000013930836da2 sp=0x0000000663bfdc08 mode 2
Event: 139.408 Thread 0x0000013905d44340 Uncommon trap: trap_request=0xffffffde fr.pc=0x0000013931092314 relative=0x0000000000000834
Event: 139.408 Thread 0x0000013905d44340 Uncommon trap: reason=class_check action=maybe_recompile pc=0x0000013931092314 method=java.lang.AbstractStringBuilder.append(Ljava/lang/CharSequence;II)Ljava/lang/AbstractStringBuilder; @ 10 c2
Event: 139.409 Thread 0x0000013905d44340 DEOPT PACKING pc=0x0000013931092314 sp=0x0000000663bfdc40
Event: 139.409 Thread 0x0000013905d44340 DEOPT UNPACKING pc=0x0000013930836da2 sp=0x0000000663bfdc08 mode 2
Event: 139.409 Thread 0x0000013905d44340 Uncommon trap: trap_request=0xffffffde fr.pc=0x0000013931092314 relative=0x0000000000000834
Event: 139.409 Thread 0x0000013905d44340 Uncommon trap: reason=class_check action=maybe_recompile pc=0x0000013931092314 method=java.lang.AbstractStringBuilder.append(Ljava/lang/CharSequence;II)Ljava/lang/AbstractStringBuilder; @ 10 c2
Event: 139.409 Thread 0x0000013905d44340 DEOPT PACKING pc=0x0000013931092314 sp=0x0000000663bfdc40
Event: 139.409 Thread 0x0000013905d44340 DEOPT UNPACKING pc=0x0000013930836da2 sp=0x0000000663bfdc08 mode 2

Classes loaded (20 events):
Event: 30.727 Loading class sun/util/resources/cldr/TimeZoneNames
Event: 30.727 Loading class sun/util/resources/TimeZoneNamesBundle
Event: 30.727 Loading class sun/util/resources/OpenListResourceBundle
Event: 30.727 Loading class sun/util/resources/OpenListResourceBundle done
Event: 30.727 Loading class sun/util/resources/TimeZoneNamesBundle done
Event: 30.727 Loading class sun/util/resources/cldr/TimeZoneNames done
Event: 30.728 Loading class sun/util/resources/cldr/TimeZoneNames_en
Event: 30.729 Loading class sun/util/resources/cldr/TimeZoneNames_en done
Event: 30.729 Loading class sun/util/resources/cldr/TimeZoneNames_en_US
Event: 30.729 Loading class sun/util/resources/cldr/TimeZoneNames_en_US done
Event: 30.730 Loading class sun/util/cldr/CLDRBaseLocaleDataMetaInfo$TZCanonicalIDMapHolder
Event: 30.731 Loading class sun/util/cldr/CLDRBaseLocaleDataMetaInfo$TZCanonicalIDMapHolder done
Event: 30.732 Loading class sun/util/resources/TimeZoneNames
Event: 30.733 Loading class sun/util/resources/TimeZoneNames done
Event: 30.733 Loading class sun/util/resources/TimeZoneNames_en
Event: 30.733 Loading class sun/util/resources/TimeZoneNames_en done
Event: 35.561 Loading class jdk/internal/module/IllegalAccessLogger
Event: 35.561 Loading class jdk/internal/module/IllegalAccessLogger done
Event: 52.073 Loading class jdk/internal/module/IllegalAccessLogger
Event: 52.073 Loading class jdk/internal/module/IllegalAccessLogger done

Classes unloaded (11 events):
Event: 3.972 Thread 0x00000139260235f0 Unloading class 0x000001393e1acc00 'java/lang/invoke/LambdaForm$MH+0x000001393e1acc00'
Event: 3.972 Thread 0x00000139260235f0 Unloading class 0x000001393e1ac800 'java/lang/invoke/LambdaForm$MH+0x000001393e1ac800'
Event: 3.972 Thread 0x00000139260235f0 Unloading class 0x000001393e1ac400 'java/lang/invoke/LambdaForm$MH+0x000001393e1ac400'
Event: 3.972 Thread 0x00000139260235f0 Unloading class 0x000001393e1ac000 'java/lang/invoke/LambdaForm$MH+0x000001393e1ac000'
Event: 3.972 Thread 0x00000139260235f0 Unloading class 0x000001393e1abc00 'java/lang/invoke/LambdaForm$BMH+0x000001393e1abc00'
Event: 3.972 Thread 0x00000139260235f0 Unloading class 0x000001393e1ab800 'java/lang/invoke/LambdaForm$DMH+0x000001393e1ab800'
Event: 3.972 Thread 0x00000139260235f0 Unloading class 0x000001393e1aa400 'java/lang/invoke/LambdaForm$DMH+0x000001393e1aa400'
Event: 43.090 Thread 0x00000139260235f0 Unloading class 0x000001393e760c00 'java/lang/invoke/LambdaForm$DMH+0x000001393e760c00'
Event: 43.091 Thread 0x00000139260235f0 Unloading class 0x000001393e6dd000 'java/lang/invoke/LambdaForm$DMH+0x000001393e6dd000'
Event: 43.091 Thread 0x00000139260235f0 Unloading class 0x000001393e6dcc00 'java/lang/invoke/LambdaForm$DMH+0x000001393e6dcc00'
Event: 43.091 Thread 0x00000139260235f0 Unloading class 0x000001393e6dc800 'java/lang/invoke/LambdaForm$DMH+0x000001393e6dc800'

Classes redefined (0 events):
No events

Internal exceptions (20 events):
Event: 23.853 Thread 0x000001390462c240 Implicit null exception at 0x00000139316b7227 to 0x00000139316bb4a0
Event: 24.174 Thread 0x000001390462c240 Exception <a 'sun/nio/fs/WindowsException'{0x00000000d5a7ba68}> (0x00000000d5a7ba68) 
thrown [s\src\hotspot\share\prims\jni.cpp, line 520]
Event: 28.225 Thread 0x0000013905d49890 Implicit null exception at 0x00000139314fcc5a to 0x00000139314fccb3
Event: 28.301 Thread 0x0000013905d44340 Exception <a 'java/lang/ArrayIndexOutOfBoundsException'{0x00000000d5803f90}> (0x00000000d5803f90) 
thrown [s\src\hotspot\share\runtime\sharedRuntime.cpp, line 625]
Event: 34.042 Thread 0x0000013905d484e0 Exception <a 'java/lang/ArrayIndexOutOfBoundsException'{0x00000000d5879ab0}> (0x00000000d5879ab0) 
thrown [s\src\hotspot\share\runtime\sharedRuntime.cpp, line 625]
Event: 35.430 Thread 0x000001390462c240 Exception <a 'sun/nio/fs/WindowsException'{0x00000000d57e2f80}> (0x00000000d57e2f80) 
thrown [s\src\hotspot\share\prims\jni.cpp, line 520]
Event: 35.572 Thread 0x0000013905d49890 Exception <a 'java/lang/ArrayIndexOutOfBoundsException'{0x00000000d5924600}: Index 2979 out of bounds for length 2978> (0x00000000d5924600) 
thrown [s\src\hotspot\share\interpreter\interpreterRuntime.cpp, line 439]
Event: 35.724 Thread 0x000001390462c240 Exception <a 'sun/nio/fs/WindowsException'{0x00000000d55a69b8}> (0x00000000d55a69b8) 
thrown [s\src\hotspot\share\prims\jni.cpp, line 520]
Event: 36.750 Thread 0x0000013905d484e0 Implicit null exception at 0x000001393166fad1 to 0x00000139316701c8
Event: 37.475 Thread 0x0000013905d47e50 Exception <a 'java/lang/NoSuchMethodError'{0x00000000d57d9d88}: 'int java.lang.invoke.DirectMethodHandle$Holder.invokeVirtual(java.lang.Object, java.lang.Object, java.lang.Object, int)'> (0x00000000d57d9d88) 
thrown [s\src\hotspot\share\interpreter\linkResolver.cpp, line 773]
Event: 42.551 Thread 0x0000013906e9dad0 Exception <a 'java/lang/IncompatibleClassChangeError'{0x00000000d56f9908}: Found class java.lang.Object, but interface was expected> (0x00000000d56f9908) 
thrown [s\src\hotspot\share\interpreter\linkResolver.cpp, line 840]
Event: 42.586 Thread 0x0000013906e9dad0 Exception <a 'java/lang/ArrayIndexOutOfBoundsException'{0x00000000d56ffac0}: Index 2979 out of bounds for length 2979> (0x00000000d56ffac0) 
thrown [s\src\hotspot\share\interpreter\interpreterRuntime.cpp, line 439]
Event: 42.653 Thread 0x0000013906e9dad0 Exception <a 'java/lang/IncompatibleClassChangeError'{0x00000000d57539d8}: Found class java.lang.Object, but interface was expected> (0x00000000d57539d8) 
thrown [s\src\hotspot\share\interpreter\linkResolver.cpp, line 840]
Event: 43.020 Thread 0x0000013905d49f20 Exception <a 'java/lang/ArrayIndexOutOfBoundsException'{0x00000000d5704638}> (0x00000000d5704638) 
thrown [s\src\hotspot\share\runtime\sharedRuntime.cpp, line 625]
Event: 50.249 Thread 0x0000013906e9dad0 Exception <a 'java/lang/ArrayIndexOutOfBoundsException'{0x00000000d57b57b0}: Index 2987 out of bounds for length 2987> (0x00000000d57b57b0) 
thrown [s\src\hotspot\share\interpreter\interpreterRuntime.cpp, line 439]
Event: 51.946 Thread 0x000001390462c240 Exception <a 'sun/nio/fs/WindowsException'{0x00000000d56250c8}> (0x00000000d56250c8) 
thrown [s\src\hotspot\share\prims\jni.cpp, line 520]
Event: 52.072 Thread 0x000001390462c240 Exception <a 'sun/nio/fs/WindowsException'{0x00000000d5666438}> (0x00000000d5666438) 
thrown [s\src\hotspot\share\prims\jni.cpp, line 520]
Event: 58.388 Thread 0x0000013905d49f20 Exception <a 'java/lang/NoSuchMethodError'{0x00000000d56605a0}: 'java.lang.Object java.lang.invoke.DirectMethodHandle$Holder.newInvokeSpecial(java.lang.Object, java.lang.Object, int, java.lang.Object, java.lang.Object, java.lang.Object, java.lang.Object)'> (0x00000000d56605a0) 
thrown [s\src\hotspot\share\interpreter\linkResolver.cpp, line 773]
Event: 133.213 Thread 0x0000013906e9dad0 Exception <a 'java/lang/IncompatibleClassChangeError'{0x00000000d5890f48}: Found class java.lang.Object, but interface was expected> (0x00000000d5890f48) 
thrown [s\src\hotspot\share\interpreter\linkResolver.cpp, line 840]
Event: 139.408 Thread 0x0000013905d44340 Exception <a 'java/lang/NoSuchMethodError'{0x00000000d58225f0}: 'int java.lang.invoke.DirectMethodHandle$Holder.invokeSpecialIFC(java.lang.Object, java.lang.Object, int)'> (0x00000000d58225f0) 
thrown [s\src\hotspot\share\interpreter\linkResolver.cpp, line 773]

ZGC Phase Switch (0 events):
No events

VM Operations (20 events):
Event: 139.346 Executing safepoint VM operation: ParallelGCFailedAllocation (Allocation Failure)
Event: 139.346 Executing safepoint VM operation: ParallelGCFailedAllocation (Allocation Failure) done
Event: 139.348 Executing safepoint VM operation: ParallelGCFailedAllocation (Allocation Failure)
Event: 139.349 Executing safepoint VM operation: ParallelGCFailedAllocation (Allocation Failure) done
Event: 139.352 Executing safepoint VM operation: ParallelGCFailedAllocation (Allocation Failure)
Event: 139.352 Executing safepoint VM operation: ParallelGCFailedAllocation (Allocation Failure) done
Event: 139.364 Executing safepoint VM operation: ParallelGCFailedAllocation (Allocation Failure)
Event: 139.365 Executing safepoint VM operation: ParallelGCFailedAllocation (Allocation Failure) done
Event: 139.368 Executing safepoint VM operation: ParallelGCFailedAllocation (Allocation Failure)
Event: 139.370 Executing safepoint VM operation: ParallelGCFailedAllocation (Allocation Failure) done
Event: 139.375 Executing safepoint VM operation: ParallelGCFailedAllocation (Allocation Failure)
Event: 139.376 Executing safepoint VM operation: ParallelGCFailedAllocation (Allocation Failure) done
Event: 139.415 Executing safepoint VM operation: ParallelGCFailedAllocation (Allocation Failure)
Event: 139.416 Executing safepoint VM operation: ParallelGCFailedAllocation (Allocation Failure) done
Event: 140.420 Executing safepoint VM operation: Cleanup
Event: 140.420 Executing safepoint VM operation: Cleanup done
Event: 180.386 Executing non-safepoint VM operation: HandshakeAllThreads (HandshakeForDeflation)
Event: 180.386 Executing non-safepoint VM operation: HandshakeAllThreads (HandshakeForDeflation) done
Event: 180.386 Executing non-safepoint VM operation: RendezvousGCThreads
Event: 180.386 Executing non-safepoint VM operation: RendezvousGCThreads done

Memory protections (0 events):
No events

Nmethod flushes (20 events):
Event: 43.114 Thread 0x00000139260235f0 flushing  nmethod 0x000001392a36e110
Event: 43.114 Thread 0x00000139260235f0 flushing  nmethod 0x000001392a374410
Event: 43.114 Thread 0x00000139260235f0 flushing  nmethod 0x000001392a383990
Event: 43.114 Thread 0x00000139260235f0 flushing  nmethod 0x000001392a39c710
Event: 43.114 Thread 0x00000139260235f0 flushing  nmethod 0x000001392a3adb10
Event: 43.114 Thread 0x00000139260235f0 flushing  nmethod 0x000001392a3f1e90
Event: 43.114 Thread 0x00000139260235f0 flushing  nmethod 0x000001392a404790
Event: 43.114 Thread 0x00000139260235f0 flushing  nmethod 0x000001392a404a90
Event: 43.114 Thread 0x00000139260235f0 flushing  nmethod 0x000001392a431210
Event: 43.114 Thread 0x00000139260235f0 flushing  nmethod 0x000001392a431510
Event: 43.114 Thread 0x00000139260235f0 flushing  nmethod 0x000001392a455e90
Event: 43.114 Thread 0x00000139260235f0 flushing  nmethod 0x000001392a471710
Event: 43.114 Thread 0x00000139260235f0 flushing  nmethod 0x000001392a483710
Event: 43.114 Thread 0x00000139260235f0 flushing  nmethod 0x000001392a483a10
Event: 43.114 Thread 0x00000139260235f0 flushing  nmethod 0x000001392a4bec10
Event: 43.114 Thread 0x00000139260235f0 flushing  nmethod 0x000001392a4bff90
Event: 43.114 Thread 0x00000139260235f0 flushing  nmethod 0x000001392a4d0510
Event: 43.114 Thread 0x00000139260235f0 flushing  nmethod 0x000001392a4d0990
Event: 43.114 Thread 0x00000139260235f0 flushing  nmethod 0x000001392a4ed690
Event: 43.114 Thread 0x00000139260235f0 flushing  nmethod 0x000001392a50ce90

Events (20 events):
Event: 50.754 Thread 0x0000013926047f50 Thread added: 0x000001391046a060
Event: 50.884 Thread 0x000001391046a060 Thread exited: 0x000001391046a060
Event: 51.037 Thread 0x000001391046ae00 Thread exited: 0x000001391046ae00
Event: 52.083 Thread 0x0000013926047f50 Thread added: 0x000001391046b4d0
Event: 52.142 Thread 0x0000013926047f50 Thread added: 0x000001391046bba0
Event: 52.601 Thread 0x000001391046bba0 Thread exited: 0x000001391046bba0
Event: 52.601 Thread 0x000001391046b4d0 Thread exited: 0x000001391046b4d0
Event: 52.677 Thread 0x0000013926047f50 Thread added: 0x000001391046a060
Event: 53.269 Thread 0x000001391046a060 Thread exited: 0x000001391046a060
Event: 67.805 Thread 0x0000013906e9a650 Thread exited: 0x0000013906e9a650
Event: 112.124 Thread 0x0000013905d43cb0 Thread exited: 0x0000013905d43cb0
Event: 112.652 Thread 0x00000139109e9520 Thread exited: 0x00000139109e9520
Event: 112.667 Thread 0x000001390462ae90 Thread exited: 0x000001390462ae90
Event: 112.699 Thread 0x000001390462a170 Thread exited: 0x000001390462a170
Event: 124.952 Thread 0x0000013905d49f20 Thread exited: 0x0000013905d49f20
Event: 127.816 Thread 0x0000013906e9fba0 Thread exited: 0x0000013906e9fba0
Event: 139.166 Thread 0x0000013926047f50 Thread added: 0x000001391046a060
Event: 139.244 Thread 0x0000013926047f50 Thread added: 0x000001391046ddb0
Event: 144.444 Thread 0x000001391046ddb0 Thread exited: 0x000001391046ddb0
Event: 149.447 Thread 0x000001391046a060 Thread exited: 0x000001391046a060


Dynamic libraries:
0x00007ff614ed0000 - 0x00007ff614ede000 	c:\Users\laksh\.vscode\extensions\redhat.java-1.54.0-win32-x64\jre\21.0.10-win32-x86_64\bin\java.exe
0x00007ff902580000 - 0x00007ff9027e7000 	C:\WINDOWS\SYSTEM32\ntdll.dll
0x00007ff9009f0000 - 0x00007ff900ab9000 	C:\WINDOWS\System32\KERNEL32.DLL
0x00007ff8fee50000 - 0x00007ff8ff244000 	C:\WINDOWS\System32\KERNELBASE.dll
0x00007ff8fc0b0000 - 0x00007ff8fc14f000 	C:\WINDOWS\SYSTEM32\apphelp.dll
0x00007ff8ff770000 - 0x00007ff8ff8bb000 	C:\WINDOWS\System32\ucrtbase.dll
0x00007ff8b9a80000 - 0x00007ff8b9a9e000 	c:\Users\laksh\.vscode\extensions\redhat.java-1.54.0-win32-x64\jre\21.0.10-win32-x86_64\bin\VCRUNTIME140.dll
0x00007ff8b9c20000 - 0x00007ff8b9c38000 	c:\Users\laksh\.vscode\extensions\redhat.java-1.54.0-win32-x64\jre\21.0.10-win32-x86_64\bin\jli.dll
0x00007ff901fb0000 - 0x00007ff902175000 	C:\WINDOWS\System32\USER32.dll
0x00007ff8e44f0000 - 0x00007ff8e4783000 	C:\WINDOWS\WinSxS\amd64_microsoft.windows.common-controls_6595b64144ccf1df_6.0.26100.8115_none_3e075c82e3354f9c\COMCTL32.dll
0x00007ff8ff250000 - 0x00007ff8ff277000 	C:\WINDOWS\System32\win32u.dll
0x00007ff902280000 - 0x00007ff902329000 	C:\WINDOWS\System32\msvcrt.dll
0x00007ff902330000 - 0x00007ff90235b000 	C:\WINDOWS\System32\GDI32.dll
0x00007ff8ff970000 - 0x00007ff8ffa9b000 	C:\WINDOWS\System32\gdi32full.dll
0x00007ff8ff540000 - 0x00007ff8ff5e3000 	C:\WINDOWS\System32\msvcp_win.dll
0x00007ff900760000 - 0x00007ff900792000 	C:\WINDOWS\System32\IMM32.DLL
0x00007ff8edd60000 - 0x00007ff8edd6c000 	c:\Users\laksh\.vscode\extensions\redhat.java-1.54.0-win32-x64\jre\21.0.10-win32-x86_64\bin\vcruntime140_1.dll
0x00007ff8654f0000 - 0x00007ff86557d000 	c:\Users\laksh\.vscode\extensions\redhat.java-1.54.0-win32-x64\jre\21.0.10-win32-x86_64\bin\msvcp140.dll
0x00007ff847170000 - 0x00007ff847f11000 	c:\Users\laksh\.vscode\extensions\redhat.java-1.54.0-win32-x64\jre\21.0.10-win32-x86_64\bin\server\jvm.dll
0x00007ff900450000 - 0x00007ff900506000 	C:\WINDOWS\System32\ADVAPI32.dll
0x00007ff901d50000 - 0x00007ff901df7000 	C:\WINDOWS\System32\sechost.dll
0x00007ff9008d0000 - 0x00007ff9009e8000 	C:\WINDOWS\System32\RPCRT4.dll
0x00007ff900570000 - 0x00007ff9005f0000 	C:\WINDOWS\System32\WS2_32.dll
0x00007ff8fecb0000 - 0x00007ff8fed0e000 	C:\WINDOWS\SYSTEM32\POWRPROF.dll
0x00007ff8e6b80000 - 0x00007ff8e6bb6000 	C:\WINDOWS\SYSTEM32\WINMM.dll
0x00007ff8eb540000 - 0x00007ff8eb54b000 	C:\WINDOWS\SYSTEM32\VERSION.dll
0x00007ff8fec90000 - 0x00007ff8feca4000 	C:\WINDOWS\SYSTEM32\UMPDC.dll
0x00007ff8fdbe0000 - 0x00007ff8fdbfb000 	C:\WINDOWS\SYSTEM32\kernel.appcore.dll
0x00007ff8edb50000 - 0x00007ff8edb5a000 	c:\Users\laksh\.vscode\extensions\redhat.java-1.54.0-win32-x64\jre\21.0.10-win32-x86_64\bin\jimage.dll
0x00007ff8fc630000 - 0x00007ff8fc872000 	C:\WINDOWS\SYSTEM32\DBGHELP.DLL
0x00007ff9018a0000 - 0x00007ff901c22000 	C:\WINDOWS\System32\combase.dll
0x00007ff900fe0000 - 0x00007ff9010b8000 	C:\WINDOWS\System32\OLEAUT32.dll
0x00007ff8de470000 - 0x00007ff8de4ab000 	C:\WINDOWS\SYSTEM32\dbgcore.DLL
0x00007ff8ff8c0000 - 0x00007ff8ff965000 	C:\WINDOWS\System32\bcryptPrimitives.dll
0x00007ff8ed970000 - 0x00007ff8ed97f000 	c:\Users\laksh\.vscode\extensions\redhat.java-1.54.0-win32-x64\jre\21.0.10-win32-x86_64\bin\instrument.dll
0x00007ff8b6f90000 - 0x00007ff8b6fb0000 	c:\Users\laksh\.vscode\extensions\redhat.java-1.54.0-win32-x64\jre\21.0.10-win32-x86_64\bin\java.dll
0x00007ff901110000 - 0x00007ff901877000 	C:\WINDOWS\System32\SHELL32.dll
0x00007ff8ff3d0000 - 0x00007ff8ff53a000 	C:\WINDOWS\System32\wintypes.dll
0x00007ff8ffaa0000 - 0x00007ff900308000 	C:\WINDOWS\System32\windows.storage.dll
0x00007ff901c30000 - 0x00007ff901d28000 	C:\WINDOWS\System32\SHCORE.dll
0x00007ff9007a0000 - 0x00007ff900806000 	C:\WINDOWS\System32\shlwapi.dll
0x00007ff8fed70000 - 0x00007ff8fed99000 	C:\WINDOWS\SYSTEM32\profapi.dll
0x00007ff8ac820000 - 0x00007ff8ac838000 	c:\Users\laksh\.vscode\extensions\redhat.java-1.54.0-win32-x64\jre\21.0.10-win32-x86_64\bin\zip.dll
0x00007ff8ed940000 - 0x00007ff8ed950000 	C:\Users\laksh\.vscode\extensions\redhat.java-1.54.0-win32-x64\jre\21.0.10-win32-x86_64\bin\net.dll
0x00007ff8f41b0000 - 0x00007ff8f42dd000 	C:\WINDOWS\SYSTEM32\WINHTTP.dll
0x00007ff8fe150000 - 0x00007ff8fe1bc000 	C:\WINDOWS\system32\mswsock.dll
0x00007ff888010000 - 0x00007ff888026000 	C:\Users\laksh\.vscode\extensions\redhat.java-1.54.0-win32-x64\jre\21.0.10-win32-x86_64\bin\nio.dll
0x00007ff8ed3b0000 - 0x00007ff8ed3c0000 	c:\Users\laksh\.vscode\extensions\redhat.java-1.54.0-win32-x64\jre\21.0.10-win32-x86_64\bin\verify.dll
0x00007ff86bc80000 - 0x00007ff86bcc5000 	C:\Users\laksh\AppData\Roaming\Code\User\globalStorage\redhat.java\1.54.0\config_win\org.eclipse.equinox.launcher\org.eclipse.equinox.launcher.win32.win32.x86_64_1.3.0.v20260203-2149\eclipse_11919.dll
0x00007ff901e00000 - 0x00007ff901f97000 	C:\WINDOWS\System32\ole32.dll
0x00007ff8fe430000 - 0x00007ff8fe44b000 	C:\WINDOWS\SYSTEM32\CRYPTSP.dll
0x00007ff8fdb40000 - 0x00007ff8fdb79000 	C:\WINDOWS\system32\rsaenh.dll
0x00007ff8fe200000 - 0x00007ff8fe233000 	C:\WINDOWS\SYSTEM32\USERENV.dll
0x00007ff8fed40000 - 0x00007ff8fed6a000 	C:\WINDOWS\SYSTEM32\bcrypt.dll
0x00007ff8fe450000 - 0x00007ff8fe45c000 	C:\WINDOWS\SYSTEM32\CRYPTBASE.dll
0x00007ff8fd5f0000 - 0x00007ff8fd622000 	C:\WINDOWS\SYSTEM32\IPHLPAPI.DLL
0x00007ff901890000 - 0x00007ff90189a000 	C:\WINDOWS\System32\NSI.dll
0x00007ff86f950000 - 0x00007ff86f999000 	C:\Users\laksh\AppData\Local\Temp\jna-102736491\jna14875211896937196675.dll
0x00007ff9008c0000 - 0x00007ff9008c8000 	C:\WINDOWS\System32\PSAPI.DLL
0x00007ff8f4460000 - 0x00007ff8f447d000 	C:\WINDOWS\SYSTEM32\dhcpcsvc6.DLL
0x00007ff8f4430000 - 0x00007ff8f4455000 	C:\WINDOWS\SYSTEM32\dhcpcsvc.DLL

JVMTI agents:
c:\Users\laksh\.vscode\extensions\redhat.java-1.54.0-win32-x64\lombok\lombok-1.18.39-4050.jar path:c:\Users\laksh\.vscode\extensions\redhat.java-1.54.0-win32-x64\jre\21.0.10-win32-x86_64\bin\instrument.dll, loaded, initialized, instrumentlib options:none

dbghelp: loaded successfully - version: 4.0.5 - missing functions: none
symbol engine: initialized successfully - sym options: 0x614 - pdb path: .;c:\Users\laksh\.vscode\extensions\redhat.java-1.54.0-win32-x64\jre\21.0.10-win32-x86_64\bin;C:\WINDOWS\SYSTEM32;C:\WINDOWS\WinSxS\amd64_microsoft.windows.common-controls_6595b64144ccf1df_6.0.26100.8115_none_3e075c82e3354f9c;c:\Users\laksh\.vscode\extensions\redhat.java-1.54.0-win32-x64\jre\21.0.10-win32-x86_64\bin\server;C:\Users\laksh\AppData\Roaming\Code\User\globalStorage\redhat.java\1.54.0\config_win\org.eclipse.equinox.launcher\org.eclipse.equinox.launcher.win32.win32.x86_64_1.3.0.v20260203-2149;C:\Users\laksh\AppData\Local\Temp\jna-102736491

VM Arguments:
jvm_args: --add-modules=ALL-SYSTEM --add-opens=java.base/java.util=ALL-UNNAMED --add-opens=java.base/java.lang=ALL-UNNAMED --add-opens=java.base/sun.nio.fs=ALL-UNNAMED -Declipse.application=org.eclipse.jdt.ls.core.id1 -Dosgi.bundles.defaultStartLevel=4 -Declipse.product=org.eclipse.jdt.ls.core.product -Djava.import.generatesMetadataFilesAtProjectRoot=false -DDetectVMInstallationsJob.disabled=true -Dfile.encoding=utf8 -XX:+UseParallelGC -XX:GCTimeRatio=4 -XX:AdaptiveSizePolicyWeight=90 -Dsun.zip.disableMemoryMapping=true -Xmx2G -Xms100m -Xlog:disable -javaagent:c:\Users\laksh\.vscode\extensions\redhat.java-1.54.0-win32-x64\lombok\lombok-1.18.39-4050.jar -XX:+HeapDumpOnOutOfMemoryError -XX:HeapDumpPath=c:\Users\laksh\AppData\Roaming\Code\User\workspaceStorage\09349a7c7149df976c8384d91a7e0fa0\redhat.java -Daether.dependencyCollector.impl=bf 
java_command: c:\Users\laksh\.vscode\extensions\redhat.java-1.54.0-win32-x64\server\plugins\org.eclipse.equinox.launcher_1.7.100.v20251111-0406.jar -configuration c:\Users\laksh\AppData\Roaming\Code\User\globalStorage\redhat.java\1.54.0\config_win -data c:\Users\laksh\AppData\Roaming\Code\User\workspaceStorage\09349a7c7149df976c8384d91a7e0fa0\redhat.java\jdt_ws --pipe=\\.\pipe\lsp-2ef2d66edd1ec854c324d7b59c791c86-sock
java_class_path (initial): c:\Users\laksh\.vscode\extensions\redhat.java-1.54.0-win32-x64\server\plugins\org.eclipse.equinox.launcher_1.7.100.v20251111-0406.jar
Launcher Type: SUN_STANDARD

[Global flags]
    uintx AdaptiveSizePolicyWeight                 = 90                                        {product} {command line}
     intx CICompilerCount                          = 4                                         {product} {ergonomic}
    uintx GCTimeRatio                              = 4                                         {product} {command line}
     bool HeapDumpOnOutOfMemoryError               = true                                   {manageable} {command line}
    ccstr HeapDumpPath                             = c:\Users\laksh\AppData\Roaming\Code\User\workspaceStorage\09349a7c7149df976c8384d91a7e0fa0\redhat.java         {manageable} {command line}
   size_t InitialHeapSize                          = 104857600                                 {product} {command line}
   size_t MaxHeapSize                              = 2147483648                                {product} {command line}
   size_t MaxNewSize                               = 715653120                                 {product} {ergonomic}
   size_t MinHeapDeltaBytes                        = 524288                                    {product} {ergonomic}
   size_t MinHeapSize                              = 104857600                                 {product} {command line}
   size_t NewSize                                  = 34603008                                  {product} {ergonomic}
    uintx NonNMethodCodeHeapSize                   = 5839372                                {pd product} {ergonomic}
    uintx NonProfiledCodeHeapSize                  = 122909434                              {pd product} {ergonomic}
   size_t OldSize                                  = 70254592                                  {product} {ergonomic}
    uintx ProfiledCodeHeapSize                     = 122909434                              {pd product} {ergonomic}
    uintx ReservedCodeCacheSize                    = 251658240                              {pd product} {ergonomic}
     bool SegmentedCodeCache                       = true                                      {product} {ergonomic}
   size_t SoftMaxHeapSize                          = 2147483648                             {manageable} {ergonomic}
     bool UseCompressedOops                        = true                           {product lp64_product} {ergonomic}
     bool UseLargePagesIndividualAllocation        = false                                  {pd product} {ergonomic}
     bool UseParallelGC                            = true                                      {product} {command line}

Logging:
Log output configuration:
 #0: stdout all=off uptime,level,tags foldmultilines=false
 #1: stderr all=off uptime,level,tags foldmultilines=false

Release file:
JAVA_VERSION="21.0.10" 
MODULES="java.base java.compiler java.datatransfer java.xml java.prefs java.desktop java.instrument java.logging java.management java.security.sasl java.naming java.rmi java.management.rmi java.net.http java.scripting java.security.jgss java.transaction.xa java.sql java.sql.rowset java.xml.crypto java.se java.smartcardio jdk.accessibility jdk.internal.jvmstat jdk.attach jdk.charsets jdk.internal.opt jdk.zipfs jdk.compiler jdk.crypto.ec jdk.crypto.cryptoki jdk.crypto.mscapi jdk.dynalink jdk.internal.ed jdk.editpad jdk.hotspot.agent jdk.httpserver jdk.internal.le jdk.internal.vm.ci jdk.internal.vm.compiler jdk.internal.vm.compiler.management jdk.jartool jdk.javadoc jdk.jcmd jdk.management jdk.management.agent jdk.jconsole jdk.jdeps jdk.jdwp.agent jdk.jdi jdk.jfr jdk.jshell jdk.jsobject jdk.jstatd jdk.localedata jdk.management.jfr jdk.naming.dns jdk.naming.rmi jdk.net jdk.nio.mapmode jdk.random jdk.sctp jdk.security.auth jdk.security.jgss jdk.unsupported jdk.unsupported.desktop jdk.xml.dom" 

Environment Variables:
JAVA_HOME=C:\Program Files\Java\jdk-21.0.10
PATH=C:\Users\laksh\AppData\Local\Programs\Microsoft VS Code;C:\Program Files\Common Files\Oracle\Java\javapath;C:\WINDOWS\system32;C:\WINDOWS;C:\WINDOWS\System32\Wbem;C:\WINDOWS\System32\WindowsPowerShell\v1.0\;C:\WINDOWS\System32\OpenSSH\;C:\Program Files\Java\jdk-21.0.10\bin;C:\Program Files\Git\cmd;C:\Program Files\nodejs\;C:\Program Files\Maven\apache-maven-3.9.14\bin;C:\Program Files\MySQL\MySQL Server 8.0\bin;C:\Users\laksh\AppData\Local\Programs\Python\Python313\Scripts\;C:\Users\laksh\AppData\Local\Programs\Python\Python313\;C:\Users\laksh\AppData\Local\Programs\Python\Launcher\;C:\Users\laksh\AppData\Local\Microsoft\WindowsApps;C:\Users\laksh\AppData\Local\Programs\Microsoft VS Code\bin;C:\Program Files\JetBrains\IntelliJ IDEA Community Edition 2024.3.3\bin;;C:\Program Files\JetBrains\IntelliJ IDEA 2024.3.5\bin;;C:\Users\laksh\AppData\Roaming\npm;C:\msys64\ucrt64\bin;
USERNAME=laksh
OS=Windows_NT
PROCESSOR_IDENTIFIER=Intel64 Family 6 Model 140 Stepping 1, GenuineIntel
TMP=C:\Users\laksh\AppData\Local\Temp
TEMP=C:\Users\laksh\AppData\Local\Temp




Periodic native trim disabled

---------------  S Y S T E M  ---------------

OS:
 Windows 11 , 64 bit Build 26100 (10.0.26100.8246)
OS uptime: 7 days 4:38 hours
Hyper-V role detected

CPU: total 8 (initial active 8) (4 cores per cpu, 2 threads per core) family 6 model 140 stepping 1 microcode 0xa6, cx8, cmov, fxsr, ht, mmx, 3dnowpref, sse, sse2, sse3, ssse3, sse4.1, sse4.2, popcnt, lzcnt, tsc, tscinvbit, avx, avx2, aes, erms, clmul, bmi1, bmi2, adx, avx512f, avx512dq, avx512cd, avx512bw, avx512vl, sha, fma, vzeroupper, avx512_vpopcntdq, avx512_vpclmulqdq, avx512_vaes, avx512_vnni, clflush, clflushopt, clwb, avx512_vbmi2, avx512_vbmi, hv, rdtscp, rdpid, fsrm, gfni, avx512_bitalg, f16c, cet_ibt, cet_ss, avx512_ifma
Processor Information for the first 8 processors :
  Max Mhz: 2803, Current Mhz: 2803, Mhz Limit: 2803

Memory: 4k page, system-wide physical 16078M (1864M free)
TotalPageFile size 21504M (AvailPageFile size 0M)
current process WorkingSet (physical memory assigned to process): 665M, peak: 689M
current process commit charge ("private bytes"): 719M, peak: 745M

vm_info: OpenJDK 64-Bit Server VM (21.0.10+7-LTS) for windows-amd64 JRE (21.0.10+7-LTS), built on 2026-01-20T00:00:00Z by "admin" with MS VC++ 17.12 (VS2022)

END.
